Component: ARM Compiler 6.16 Tool: armlink [5dfeaa00]

==============================================================================

Section Cross References

    app_subghz_phy.o(.text.MX_SubGHz_Phy_Init) refers to sys_app.o(.text.SystemApp_Init) for SystemApp_Init
    app_subghz_phy.o(.text.MX_SubGHz_Phy_Init) refers to subghz_phy_app.o(.text.SubghzApp_Init) for SubghzApp_Init
    app_subghz_phy.o(.ARM.exidx.text.MX_SubGHz_Phy_Init) refers to app_subghz_phy.o(.text.MX_SubGHz_Phy_Init) for [Anonymous Symbol]
    app_subghz_phy.o(.text.MX_SubGHz_Phy_Process) refers to stm32_seq.o(.text.UTIL_SEQ_Run) for UTIL_SEQ_Run
    app_subghz_phy.o(.ARM.exidx.text.MX_SubGHz_Phy_Process) refers to app_subghz_phy.o(.text.MX_SubGHz_Phy_Process) for [Anonymous Symbol]
    subghz_phy_app.o(.text.SubghzApp_Init) refers to stm32_timer.o(.text.UTIL_TIMER_Create) for UTIL_TIMER_Create
    subghz_phy_app.o(.text.SubghzApp_Init) refers to stm32_timer.o(.text.UTIL_TIMER_SetPeriod) for UTIL_TIMER_SetPeriod
    subghz_phy_app.o(.text.SubghzApp_Init) refers to stm32_timer.o(.text.UTIL_TIMER_Start) for UTIL_TIMER_Start
    subghz_phy_app.o(.text.SubghzApp_Init) refers to memseta.o(.text) for __aeabi_memclr4
    subghz_phy_app.o(.text.SubghzApp_Init) refers to stm32_seq.o(.text.UTIL_SEQ_RegTask) for UTIL_SEQ_RegTask
    subghz_phy_app.o(.text.SubghzApp_Init) refers to stm32_adv_trace.o(.text.UTIL_ADV_TRACE_COND_FSend) for UTIL_ADV_TRACE_COND_FSend
    subghz_phy_app.o(.text.SubghzApp_Init) refers to subghz_phy_app.o(.bss..L_MergedGlobals) for [Anonymous Symbol]
    subghz_phy_app.o(.text.SubghzApp_Init) refers to subghz_phy_app.o(.text.OnledEvent) for OnledEvent
    subghz_phy_app.o(.text.SubghzApp_Init) refers to subghz_phy_app.o(.text.OnTxTimeout) for OnTxTimeout
    subghz_phy_app.o(.text.SubghzApp_Init) refers to subghz_phy_app.o(.text.OnTxDone) for OnTxDone
    subghz_phy_app.o(.text.SubghzApp_Init) refers to radio.o(.rodata.Radio) for Radio
    subghz_phy_app.o(.text.SubghzApp_Init) refers to subghz_phy_app.o(.bss.BufferTx) for [Anonymous Symbol]
    subghz_phy_app.o(.text.SubghzApp_Init) refers to subghz_phy_app.o(.text.PingPong_Process) for PingPong_Process
    subghz_phy_app.o(.ARM.exidx.text.SubghzApp_Init) refers to subghz_phy_app.o(.text.SubghzApp_Init) for [Anonymous Symbol]
    subghz_phy_app.o(.text.OnledEvent) refers to stm32_timer.o(.text.UTIL_TIMER_Start) for UTIL_TIMER_Start
    subghz_phy_app.o(.text.OnledEvent) refers to subghz_phy_app.o(.bss..L_MergedGlobals) for [Anonymous Symbol]
    subghz_phy_app.o(.ARM.exidx.text.OnledEvent) refers to subghz_phy_app.o(.text.OnledEvent) for [Anonymous Symbol]
    subghz_phy_app.o(.text.OnTxDone) refers to stm32_adv_trace.o(.text.UTIL_ADV_TRACE_COND_FSend) for UTIL_ADV_TRACE_COND_FSend
    subghz_phy_app.o(.text.OnTxDone) refers to stm32_seq.o(.text.UTIL_SEQ_SetTask) for UTIL_SEQ_SetTask
    subghz_phy_app.o(.text.OnTxDone) refers to subghz_phy_app.o(.bss..L_MergedGlobals) for [Anonymous Symbol]
    subghz_phy_app.o(.ARM.exidx.text.OnTxDone) refers to subghz_phy_app.o(.text.OnTxDone) for [Anonymous Symbol]
    subghz_phy_app.o(.text.OnTxTimeout) refers to stm32_adv_trace.o(.text.UTIL_ADV_TRACE_COND_FSend) for UTIL_ADV_TRACE_COND_FSend
    subghz_phy_app.o(.text.OnTxTimeout) refers to stm32_seq.o(.text.UTIL_SEQ_SetTask) for UTIL_SEQ_SetTask
    subghz_phy_app.o(.text.OnTxTimeout) refers to subghz_phy_app.o(.bss..L_MergedGlobals) for [Anonymous Symbol]
    subghz_phy_app.o(.ARM.exidx.text.OnTxTimeout) refers to subghz_phy_app.o(.text.OnTxTimeout) for [Anonymous Symbol]
    subghz_phy_app.o(.text.PingPong_Process) refers to sys_app.o(.text.HAL_Delay) for HAL_Delay
    subghz_phy_app.o(.text.PingPong_Process) refers to stm32_adv_trace.o(.text.UTIL_ADV_TRACE_COND_FSend) for UTIL_ADV_TRACE_COND_FSend
    subghz_phy_app.o(.text.PingPong_Process) refers to radio.o(.rodata.Radio) for Radio
    subghz_phy_app.o(.text.PingPong_Process) refers to subghz_phy_app.o(.bss..L_MergedGlobals) for [Anonymous Symbol]
    subghz_phy_app.o(.text.PingPong_Process) refers to subghz_phy_app.o(.rodata.str1.1) for [Anonymous Symbol]
    subghz_phy_app.o(.text.PingPong_Process) refers to subghz_phy_app.o(.data.isMaster) for isMaster
    subghz_phy_app.o(.text.PingPong_Process) refers to subghz_phy_app.o(.bss.BufferTx) for [Anonymous Symbol]
    subghz_phy_app.o(.ARM.exidx.text.PingPong_Process) refers to subghz_phy_app.o(.text.PingPong_Process) for [Anonymous Symbol]
    dma.o(.text.MX_DMA_Init) refers to stm32l0xx_hal_cortex.o(.text.HAL_NVIC_SetPriority) for HAL_NVIC_SetPriority
    dma.o(.text.MX_DMA_Init) refers to stm32l0xx_hal_cortex.o(.text.HAL_NVIC_EnableIRQ) for HAL_NVIC_EnableIRQ
    dma.o(.ARM.exidx.text.MX_DMA_Init) refers to dma.o(.text.MX_DMA_Init) for [Anonymous Symbol]
    main.o(.text.main) refers to stm32l0xx_hal.o(.text.HAL_Init) for HAL_Init
    main.o(.text.main) refers to main.o(.text.SystemClock_Config) for SystemClock_Config
[...]
    __arm_cp.0_0                             0x08005738   Number         4  stm32_tiny_vsnprintf.o(.text.tiny_vsnprintf_like)
    [Anonymous Symbol]                       0x0800578c   Section        0  usart_if.o(.text.vcom_DeInit)
    __arm_cp.1_0                             0x080057b0   Number         4  usart_if.o(.text.vcom_DeInit)
    [Anonymous Symbol]                       0x080057b4   Section        0  usart_if.o(.text.vcom_Init)
    __arm_cp.0_0                             0x080057c8   Number         4  usart_if.o(.text.vcom_Init)
    [Anonymous Symbol]                       0x080057cc   Section        0  usart_if.o(.text.vcom_ReceiveInit)
    __arm_cp.2_0                             0x0800580c   Number         4  usart_if.o(.text.vcom_ReceiveInit)
    [Anonymous Symbol]                       0x08005810   Section        0  usart_if.o(.text.vcom_Trace_DMA)
    __arm_cp.3_0                             0x08005820   Number         4  usart_if.o(.text.vcom_Trace_DMA)
    i.__scatterload_copy                     0x08005824   Section       14  handlers.o(i.__scatterload_copy)
    i.__scatterload_null                     0x08005832   Section        2  handlers.o(i.__scatterload_null)
    i.__scatterload_zeroinit                 0x08005834   Section       14  handlers.o(i.__scatterload_zeroinit)
    [Anonymous Symbol]                       0x080059f0   Section        0  stm32l0xx_hal_uart.o(.rodata.cst16)
    SEQ_clz_table_4bit                       0x08005a00   Data          16  stm32_seq.o(.rodata.cst16)
    [Anonymous Symbol]                       0x08005a00   Section        0  stm32_seq.o(.rodata.cst16)
    SPI_GetPrescaler.baudrate                0x08005a10   Data          32  nucleo_l073rz_bus.o(.rodata.cst32)
    [Anonymous Symbol]                       0x08005a10   Section        0  nucleo_l073rz_bus.o(.rodata.cst32)
    [Anonymous Symbol]                       0x08005a30   Section        0  subghz_phy_app.o(.rodata.str1.1)
    [Anonymous Symbol]                       0x08005a41   Section        0  stm32_tiny_vsnprintf.o(.rodata.str1.1)
    [Anonymous Symbol]                       0x20000000   Section        0  stm32l0xx_hal.o(.data..L_MergedGlobals)
    TaskMask                                 0x20000008   Data           4  stm32_seq.o(.data..L_MergedGlobals)
    [Anonymous Symbol]                       0x20000008   Section        0  stm32_seq.o(.data..L_MergedGlobals)
    SuperMask                                0x2000000c   Data           4  stm32_seq.o(.data..L_MergedGlobals)
    State                                    0x20000020   Data           1  subghz_phy_app.o(.bss..L_MergedGlobals)
    [Anonymous Symbol]                       0x20000020   Section        0  subghz_phy_app.o(.bss..L_MergedGlobals)
    random_delay                             0x20000024   Data           4  subghz_phy_app.o(.bss..L_MergedGlobals)
    timerLed                                 0x20000028   Data          24  subghz_phy_app.o(.bss..L_MergedGlobals)
    RadioEvents                              0x20000040   Data          28  subghz_phy_app.o(.bss..L_MergedGlobals)
    RtcTimerContext                          0x2000005c   Data          28  rtc_if.o(.bss..L_MergedGlobals)
    [Anonymous Symbol]                       0x2000005c   Section        0  rtc_if.o(.bss..L_MergedGlobals)
    RTC_AlarmStructure                       0x20000078   Data          40  rtc_if.o(.bss..L_MergedGlobals)
    [Anonymous Symbol]                       0x200000a0   Section        0  usart_if.o(.bss..L_MergedGlobals)
    RxCpltCallback                           0x200000a4   Data           4  usart_if.o(.bss..L_MergedGlobals)
    [Anonymous Symbol]                       0x200000a8   Section        0  radio.o(.bss..L_MergedGlobals)
    RadioPublicNetwork.0                     0x200000aa   Data           1  radio.o(.bss..L_MergedGlobals)
    RadioPublicNetwork.1                     0x200000ab   Data           1  radio.o(.bss..L_MergedGlobals)
    RadioEvents                              0x200000b4   Data           4  radio.o(.bss..L_MergedGlobals)
    ImageCalibrated                          0x200000fc   Data           1  sx126x.o(.bss..L_MergedGlobals)
    [Anonymous Symbol]                       0x200000fc   Section        0  sx126x.o(.bss..L_MergedGlobals)
    OperatingMode                            0x200000fd   Data           1  sx126x.o(.bss..L_MergedGlobals)
    PacketType                               0x200000fe   Data           1  sx126x.o(.bss..L_MergedGlobals)
    LoRaHeaderType                           0x200000ff   Data           1  sx126x.o(.bss..L_MergedGlobals)
    StopModeDisable                          0x20000104   Data           4  stm32_lpm.o(.bss..L_MergedGlobals)
    [Anonymous Symbol]                       0x20000104   Section        0  stm32_lpm.o(.bss..L_MergedGlobals)
    OffModeDisable                           0x20000108   Data           4  stm32_lpm.o(.bss..L_MergedGlobals)
    TaskSet                                  0x2000010c   Data           4  stm32_seq.o(.bss..L_MergedGlobals.2)
    [Anonymous Symbol]                       0x2000010c   Section        0  stm32_seq.o(.bss..L_MergedGlobals.2)
    EvtSet                                   0x20000110   Data           4  stm32_seq.o(.bss..L_MergedGlobals.2)
    EvtWaited                                0x20000114   Data           4  stm32_seq.o(.bss..L_MergedGlobals.2)
    CurrentTaskIdx                           0x20000118   Data           4  stm32_seq.o(.bss..L_MergedGlobals.2)
    TaskPrio                                 0x2000011c   Data          16  stm32_seq.o(.bss..L_MergedGlobals.2)
    ADV_TRACE_Buffer                         0x2000012c   Data         512  stm32_adv_trace.o(.bss.ADV_TRACE_Buffer)
    [Anonymous Symbol]                       0x2000012c   Section        0  stm32_adv_trace.o(.bss.ADV_TRACE_Buffer)
    ADV_TRACE_Ctx                            0x2000032c   Data          24  stm32_adv_trace.o(.bss.ADV_TRACE_Ctx)
    [Anonymous Symbol]                       0x2000032c   Section        0  stm32_adv_trace.o(.bss.ADV_TRACE_Ctx)
    BufferTx                                 0x20000344   Data         255  subghz_phy_app.o(.bss.BufferTx)
    [Anonymous Symbol]                       0x20000344   Section        0  subghz_phy_app.o(.bss.BufferTx)
    RTC_Initalized                           0x20000443   Data           1  rtc_if.o(.bss.RTC_Initalized)
    [Anonymous Symbol]                       0x20000443   Section        0  rtc_if.o(.bss.RTC_Initalized)
    TaskCb                                   0x20000580   Data         128  stm32_seq.o(.bss.TaskCb)
    [Anonymous Symbol]                       0x20000580   Section        0  stm32_seq.o(.bss.TaskCb)
    TimerListHead                            0x20000600   Data           4  stm32_timer.o(.bss.TimerListHead)
    [Anonymous Symbol]                       0x20000600   Section        0  stm32_timer.o(.bss.TimerListHead)
    TxCpltCallback                           0x20000604   Data           4  usart_if.o(.bss.TxCpltCallback)
    [Anonymous Symbol]                       0x20000604   Section        0  usart_if.o(.bss.TxCpltCallback)
    sztmp                                    0x20000758   Data         256  stm32_adv_trace.o(.bss.sztmp)
    [Anonymous Symbol]                       0x20000758   Section        0  stm32_adv_trace.o(.bss.sztmp)
    STACK                                    0x20000860   Section     1024  startup_stm32l073xx.o(STACK)

    Global Symbols

    Symbol Name                              Value     Ov Type        Size  Object(Section)

    BuildAttributes$$THM_ISAv3M$S$PE$A:L22$X:L11$S22$IEEE1$IW$~IW$USESV6$~STKCKD$USESV7$~SHL$OSPACE$EBA8$MICROLIB$REQ8$PRES8$EABIv2 0x00000000   Number         0  anon$$obj.o ABSOLUTE
    __cpp_initialize__aeabi_                  - Undefined Weak Reference
    __cxa_finalize                            - Undefined Weak Reference
    __decompress                              - Undefined Weak Reference
    _clock_init                               - Undefined Weak Reference
    _microlib_exit                            - Undefined Weak Reference
    __Vectors_Size                           0x000000c0   Number         0  startup_stm32l073xx.o ABSOLUTE
    __Vectors                                0x08000000   Data           4  startup_stm32l073xx.o(RESET)
    __Vectors_End                            0x080000c0   Data           0  startup_stm32l073xx.o(RESET)
    __main                                   0x080000c1   Thumb Code     0  entry.o(.ARM.Collect$$$$00000000)
    _main_stk                                0x080000c1   Thumb Code     0  entry2.o(.ARM.Collect$$$$00000001)
    _main_scatterload                        0x080000c5   Thumb Code     0  entry5.o(.ARM.Collect$$$$00000004)
    __main_after_scatterload                 0x080000c9   Thumb Code     0  entry5.o(.ARM.Collect$$$$00000004)
    _main_clock                              0x080000c9   Thumb Code     0  entry7b.o(.ARM.Collect$$$$00000008)
    _main_cpp_init                           0x080000c9   Thumb Code     0  entry8b.o(.ARM.Collect$$$$0000000A)
    _main_init                               0x080000c9   Thumb Code     0  entry9a.o(.ARM.Collect$$$$0000000B)
    __rt_final_cpp                           0x080000d1   Thumb Code     0  entry10a.o(.ARM.Collect$$$$0000000D)
    __rt_final_exit                          0x080000d1   Thumb Code     0  entry11a.o(.ARM.Collect$$$$0000000F)
    Reset_Handler                            0x080000d5   Thumb Code     8  startup_stm32l073xx.o(.text)
    ADC1_COMP_IRQHandler                     0x080000e7   Thumb Code     0  startup_stm32l073xx.o(.text)
    DMA1_Channel1_IRQHandler                 0x080000e7   Thumb Code     0  startup_stm32l073xx.o(.text)
    DMA1_Channel2_3_IRQHandler               0x080000e7   Thumb Code     0  startup_stm32l073xx.o(.text)
    FLASH_IRQHandler                         0x080000e7   Thumb Code     0  startup_stm32l073xx.o(.text)
    I2C1_IRQHandler                          0x080000e7   Thumb Code     0  startup_stm32l073xx.o(.text)
    I2C2_IRQHandler                          0x080000e7   Thumb Code     0  startup_stm32l073xx.o(.text)
    I2C3_IRQHandler                          0x080000e7   Thumb Code     0  startup_stm32l073xx.o(.text)
    LCD_IRQHandler                           0x080000e7   Thumb Code     0  startup_stm32l073xx.o(.text)
    LPTIM1_IRQHandler                        0x080000e7   Thumb Code     0  startup_stm32l073xx.o(.text)
    PVD_IRQHandler                           0x080000e7   Thumb Code     0  startup_stm32l073xx.o(.text)
    RCC_CRS_IRQHandler                       0x080000e7   Thumb Code     0  startup_stm32l073xx.o(.text)
    RNG_LPUART1_IRQHandler                   0x080000e7   Thumb Code     0  startup_stm32l073xx.o(.text)
    SPI1_IRQHandler                          0x080000e7   Thumb Code     0  startup_stm32l073xx.o(.text)
    SPI2_IRQHandler                          0x080000e7   Thumb Code     0  startup_stm32l073xx.o(.text)
    TIM21_IRQHandler                         0x080000e7   Thumb Code     0  startup_stm32l073xx.o(.text)
    TIM22_IRQHandler                         0x080000e7   Thumb Code     0  startup_stm32l073xx.o(.text)
    TIM2_IRQHandler                          0x080000e7   Thumb Code     0  startup_stm32l073xx.o(.text)
    TIM3_IRQHandler                          0x080000e7   Thumb Code     0  startup_stm32l073xx.o(.text)
    TIM6_DAC_IRQHandler                      0x080000e7   Thumb Code     0  startup_stm32l073xx.o(.text)
    TIM7_IRQHandler                          0x080000e7   Thumb Code     0  startup_stm32l073xx.o(.text)
    TSC_IRQHandler                           0x080000e7   Thumb Code     0  startup_stm32l073xx.o(.text)
    USART1_IRQHandler                        0x080000e7   Thumb Code     0  startup_stm32l073xx.o(.text)
    USART4_5_IRQHandler                      0x080000e7   Thumb Code     0  startup_stm32l073xx.o(.text)
    USB_IRQHandler                           0x080000e7   Thumb Code     0  startup_stm32l073xx.o(.text)
    WWDG_IRQHandler                          0x080000e7   Thumb Code     0  startup_stm32l073xx.o(.text)
    __aeabi_uldivmod                         0x080000f1   Thumb Code    96  uldiv.o(.text)
    __aeabi_lmul                             0x08000151   Thumb Code    48  llmul.o(.text)
    _ll_mul                                  0x08000151   Thumb Code     0  llmul.o(.text)
    __aeabi_memset                           0x08000181   Thumb Code    14  memseta.o(.text)
    __aeabi_memset4                          0x08000181   Thumb Code     0  memseta.o(.text)
    __aeabi_memset8                          0x08000181   Thumb Code     0  memseta.o(.text)
    __aeabi_memclr                           0x0800018f   Thumb Code     4  memseta.o(.text)
    __aeabi_memclr4                          0x0800018f   Thumb Code     0  memseta.o(.text)
    __aeabi_memclr8                          0x0800018f   Thumb Code     0  memseta.o(.text)
    _memset$wrapper                          0x08000193   Thumb Code    18  memseta.o(.text)
    strlen                                   0x080001a5   Thumb Code    14  strlen.o(.text)
    __aeabi_uidiv                            0x080001b3   Thumb Code     0  uidiv_div0.o(.text)
    __aeabi_uidivmod                         0x080001b3   Thumb Code    62  uidiv_div0.o(.text)
    __aeabi_idiv                             0x080001f1   Thumb Code     0  idiv_div0.o(.text)
    __aeabi_idivmod$div0                     0x080001f1   Thumb Code    74  idiv_div0.o(.text)
    __aeabi_llsl                             0x08000241   Thumb Code    32  llshl.o(.text)
    _ll_shift_l                              0x08000241   Thumb Code     0  llshl.o(.text)
    __aeabi_llsr                             0x08000261   Thumb Code    34  llushr.o(.text)
    _ll_ushift_r                             0x08000261   Thumb Code     0  llushr.o(.text)
    __scatterload                            0x08000285   Thumb Code    28  init.o(.text)
    __scatterload_rt2                        0x08000285   Thumb Code     0  init.o(.text)
    BSP_SPI1_Init                            0x080002a9   Thumb Code   108  nucleo_l073rz_bus.o(.text.BSP_SPI1_Init)
    BSP_SPI1_SendRecv                        0x08000321   Thumb Code    36  nucleo_l073rz_bus.o(.text.BSP_SPI1_SendRecv)
    DBG_ProbesInit                           0x08000349   Thumb Code     2  sys_debug.o(.text.DBG_ProbesInit)
    DMA1_Channel4_5_6_7_IRQHandler           0x0800034d   Thumb Code    12  stm32l0xx_it.o(.text.DMA1_Channel4_5_6_7_IRQHandler)
    EXTI0_1_IRQHandler                       0x08000387   Thumb Code     2  stm32l0xx_it.o(.text.EXTI0_1_IRQHandler)
    EXTI2_3_IRQHandler                       0x08000389   Thumb Code     2  stm32l0xx_it.o(.text.EXTI2_3_IRQHandler)
    EXTI4_15_IRQHandler                      0x0800038d   Thumb Code    12  stm32l0xx_it.o(.text.EXTI4_15_IRQHandler)
    Error_Handler                            0x0800039d   Thumb Code     8  main.o(.text.Error_Handler)
    HAL_DMA_Abort                            0x080003a5   Thumb Code    64  stm32l0xx_hal_dma.o(.text.HAL_DMA_Abort)
    HAL_DMA_Abort_IT                         0x080003e5   Thumb Code    72  stm32l0xx_hal_dma.o(.text.HAL_DMA_Abort_IT)
    HAL_DMA_DeInit                           0x0800042d   Thumb Code    88  stm32l0xx_hal_dma.o(.text.HAL_DMA_DeInit)
    HAL_DMA_IRQHandler                       0x08000485   Thumb Code   144  stm32l0xx_hal_dma.o(.text.HAL_DMA_IRQHandler)
    HAL_DMA_Init                             0x08000515   Thumb Code   144  stm32l0xx_hal_dma.o(.text.HAL_DMA_Init)
    HAL_DMA_Start_IT                         0x080005b5   Thumb Code    94  stm32l0xx_hal_dma.o(.text.HAL_DMA_Start_IT)
    HAL_Delay                                0x08000613   Thumb Code    12  sys_app.o(.text.HAL_Delay)
    HAL_EXTI_GetHandle                       0x0800061f   Thumb Code    14  stm32l0xx_hal_exti.o(.text.HAL_EXTI_GetHandle)
    HAL_EXTI_IRQHandler                      0x0800062d   Thumb Code    32  stm32l0xx_hal_exti.o(.text.HAL_EXTI_IRQHandler)
    HAL_EXTI_RegisterCallback                0x08000651   Thumb Code    14  stm32l0xx_hal_exti.o(.text.HAL_EXTI_RegisterCallback)
    HAL_GPIO_DeInit                          0x08000661   Thumb Code   208  stm32l0xx_hal_gpio.o(.text.HAL_GPIO_DeInit)
    HAL_GPIO_Init                            0x08000731   Thumb Code   364  stm32l0xx_hal_gpio.o(.text.HAL_GPIO_Init)
    HAL_GPIO_ReadPin                         0x080008b1   Thumb Code    10  stm32l0xx_hal_gpio.o(.text.HAL_GPIO_ReadPin)
    HAL_GPIO_WritePin                        0x080008bb   Thumb Code    14  stm32l0xx_hal_gpio.o(.text.HAL_GPIO_WritePin)
    HAL_GetTick                              0x080008c9   Thumb Code     8  sys_app.o(.text.HAL_GetTick)
    HAL_IncTick                              0x080008d1   Thumb Code    16  stm32l0xx_hal.o(.text.HAL_IncTick)
    HAL_Init                                 0x080008e9   Thumb Code    36  stm32l0xx_hal.o(.text.HAL_Init)
    HAL_InitTick                             0x0800090d   Thumb Code     4  sys_app.o(.text.HAL_InitTick)
    HAL_MspInit                              0x08000911   Thumb Code    40  stm32l0xx_hal_msp.o(.text.HAL_MspInit)
    HAL_NVIC_DisableIRQ                      0x08000941   Thumb Code    28  stm32l0xx_hal_cortex.o(.text.HAL_NVIC_DisableIRQ)
    HAL_NVIC_EnableIRQ                       0x08000961   Thumb Code    20  stm32l0xx_hal_cortex.o(.text.HAL_NVIC_EnableIRQ)
    HAL_NVIC_SetPriority                     0x08000979   Thumb Code     8  stm32l0xx_hal_cortex.o(.text.HAL_NVIC_SetPriority)
    HAL_PWREx_EnableFastWakeUp               0x08000981   Thumb Code    16  stm32l0xx_hal_pwr_ex.o(.text.HAL_PWREx_EnableFastWakeUp)
    HAL_PWREx_EnableUltraLowPower            0x08000991   Thumb Code    16  stm32l0xx_hal_pwr_ex.o(.text.HAL_PWREx_EnableUltraLowPower)
    HAL_PWR_DisablePVD                       0x080009a1   Thumb Code    12  stm32l0xx_hal_pwr.o(.text.HAL_PWR_DisablePVD)
    HAL_PWR_EnterSLEEPMode                   0x080009ad   Thumb Code    76  stm32l0xx_hal_pwr.o(.text.HAL_PWR_EnterSLEEPMode)
    HAL_PWR_EnterSTOPMode                    0x080009f9   Thumb Code    80  stm32l0xx_hal_pwr.o(.text.HAL_PWR_EnterSTOPMode)
    HAL_RCCEx_PeriphCLKConfig                0x08000a51   Thumb Code   424  stm32l0xx_hal_rcc_ex.o(.text.HAL_RCCEx_PeriphCLKConfig)
    HAL_RCC_ClockConfig                      0x08000bfd   Thumb Code   388  stm32l0xx_hal_rcc.o(.text.HAL_RCC_ClockConfig)
    HAL_RCC_GetPCLK1Freq                     0x08000d91   Thumb Code    20  stm32l0xx_hal_rcc.o(.text.HAL_RCC_GetPCLK1Freq)
    HAL_RCC_GetPCLK2Freq                     0x08000da5   Thumb Code    20  stm32l0xx_hal_rcc.o(.text.HAL_RCC_GetPCLK2Freq)
    HAL_RCC_GetSysClockFreq                  0x08000dc5   Thumb Code    92  stm32l0xx_hal_rcc.o(.text.HAL_RCC_GetSysClockFreq)
    HAL_RCC_OscConfig                        0x08000e35   Thumb Code  1268  stm32l0xx_hal_rcc.o(.text.HAL_RCC_OscConfig)
    HAL_RTCEx_AlarmBEventCallback            0x08001345   Thumb Code     2  stm32l0xx_hal_rtc_ex.o(.text.HAL_RTCEx_AlarmBEventCallback)
    HAL_RTCEx_BKUPRead                       0x08001347   Thumb Code    10  stm32l0xx_hal_rtc_ex.o(.text.HAL_RTCEx_BKUPRead)
    HAL_RTCEx_BKUPWrite                      0x08001351   Thumb Code    10  stm32l0xx_hal_rtc_ex.o(.text.HAL_RTCEx_BKUPWrite)
    HAL_RTCEx_EnableBypassShadow             0x0800135b   Thumb Code    50  stm32l0xx_hal_rtc_ex.o(.text.HAL_RTCEx_EnableBypassShadow)
    HAL_RTC_AlarmAEventCallback              0x0800138d   Thumb Code     8  rtc_if.o(.text.HAL_RTC_AlarmAEventCallback)
    HAL_RTC_AlarmIRQHandler                  0x08001395   Thumb Code    88  stm32l0xx_hal_rtc.o(.text.HAL_RTC_AlarmIRQHandler)
    HAL_RTC_DeactivateAlarm                  0x080013f9   Thumb Code   156  stm32l0xx_hal_rtc.o(.text.HAL_RTC_DeactivateAlarm)
    HAL_RTC_GetDate                          0x08001495   Thumb Code    84  stm32l0xx_hal_rtc.o(.text.HAL_RTC_GetDate)
    HAL_RTC_GetTime                          0x080014e9   Thumb Code    92  stm32l0xx_hal_rtc.o(.text.HAL_RTC_GetTime)
    HAL_RTC_Init                             0x08001549   Thumb Code   176  stm32l0xx_hal_rtc.o(.text.HAL_RTC_Init)
    HAL_RTC_MspInit                          0x080015fd   Thumb Code    88  rtc.o(.text.HAL_RTC_MspInit)
    HAL_RTC_SetAlarm_IT                      0x0800165d   Thumb Code   384  stm32l0xx_hal_rtc.o(.text.HAL_RTC_SetAlarm_IT)
    HAL_RTC_SetDate                          0x080017e9   Thumb Code   184  stm32l0xx_hal_rtc.o(.text.HAL_RTC_SetDate)
    HAL_RTC_SetTime                          0x080018a1   Thumb Code   224  stm32l0xx_hal_rtc.o(.text.HAL_RTC_SetTime)
    HAL_RTC_WaitForSynchro                   0x08001989   Thumb Code    48  stm32l0xx_hal_rtc.o(.text.HAL_RTC_WaitForSynchro)
    HAL_SPI_GetState                         0x080019bd   Thumb Code     6  stm32l0xx_hal_spi.o(.text.HAL_SPI_GetState)
    HAL_SPI_Init                             0x080019c3   Thumb Code   202  stm32l0xx_hal_spi.o(.text.HAL_SPI_Init)
    HAL_SPI_MspInit                          0x08001a8d   Thumb Code     2  stm32l0xx_hal_spi.o(.text.HAL_SPI_MspInit)
    HAL_SPI_TransmitReceive                  0x08001a91   Thumb Code   656  stm32l0xx_hal_spi.o(.text.HAL_SPI_TransmitReceive)
    HAL_UARTEx_EnableStopMode                0x08001d25   Thumb Code    34  stm32l0xx_hal_uart_ex.o(.text.HAL_UARTEx_EnableStopMode)
    HAL_UARTEx_RxEventCallback               0x08001d47   Thumb Code     2  stm32l0xx_hal_uart.o(.text.HAL_UARTEx_RxEventCallback)
    HAL_UARTEx_StopModeWakeUpSourceConfig    0x08001d49   Thumb Code   128  stm32l0xx_hal_uart_ex.o(.text.HAL_UARTEx_StopModeWakeUpSourceConfig)
    HAL_UARTEx_WakeupCallback                0x08001dcd   Thumb Code     2  stm32l0xx_hal_uart_ex.o(.text.HAL_UARTEx_WakeupCallback)
    HAL_UART_ErrorCallback                   0x08001dcf   Thumb Code     2  stm32l0xx_hal_uart.o(.text.HAL_UART_ErrorCallback)
    HAL_UART_IRQHandler                      0x08001dd1   Thumb Code   548  stm32l0xx_hal_uart.o(.text.HAL_UART_IRQHandler)
    HAL_UART_Init                            0x08002001   Thumb Code   106  stm32l0xx_hal_uart.o(.text.HAL_UART_Init)
    HAL_UART_MspDeInit                       0x0800206d   Thumb Code    52  usart.o(.text.HAL_UART_MspDeInit)
    HAL_UART_MspInit                         0x080020a5   Thumb Code   264  usart.o(.text.HAL_UART_MspInit)
    HAL_UART_Receive_IT                      0x080021bd   Thumb Code   100  stm32l0xx_hal_uart.o(.text.HAL_UART_Receive_IT)
    HAL_UART_RxCpltCallback                  0x08002225   Thumb Code    40  usart_if.o(.text.HAL_UART_RxCpltCallback)
    HAL_UART_Transmit_DMA                    0x08002251   Thumb Code   148  stm32l0xx_hal_uart.o(.text.HAL_UART_Transmit_DMA)
    HAL_UART_TxCpltCallback                  0x080022f1   Thumb Code    12  usart_if.o(.text.HAL_UART_TxCpltCallback)
    HAL_UART_TxHalfCpltCallback              0x08002301   Thumb Code     2  stm32l0xx_hal_uart.o(.text.HAL_UART_TxHalfCpltCallback)
    HardFault_Handler                        0x08002303   Thumb Code     2  stm32l0xx_it.o(.text.HardFault_Handler)
    MX_DMA_Init                              0x08002305   Thumb Code    40  dma.o(.text.MX_DMA_Init)
    MX_RTC_Init                              0x08002331   Thumb Code   164  rtc.o(.text.MX_RTC_Init)
    MX_SPI1_Init                             0x080023e1   Thumb Code    80  nucleo_l073rz_bus.o(.text.MX_SPI1_Init)
    MX_SubGHz_Phy_Init                       0x0800243d   Thumb Code    12  app_subghz_phy.o(.text.MX_SubGHz_Phy_Init)
    MX_SubGHz_Phy_Process                    0x08002449   Thumb Code    12  app_subghz_phy.o(.text.MX_SubGHz_Phy_Process)
    MX_USART2_UART_Init                      0x08002455   Thumb Code    44  usart.o(.text.MX_USART2_UART_Init)
    NMI_Handler                              0x08002489   Thumb Code     2  stm32l0xx_it.o(.text.NMI_Handler)
    PWR_EnterOffMode                         0x080024fd   Thumb Code     2  stm32_lpm_if.o(.text.PWR_EnterOffMode)
    PWR_EnterSleepMode                       0x080024ff   Thumb Code    12  stm32_lpm_if.o(.text.PWR_EnterSleepMode)
    PWR_EnterStopMode                        0x0800250d   Thumb Code    40  stm32_lpm_if.o(.text.PWR_EnterStopMode)
    PWR_ExitOffMode                          0x08002539   Thumb Code     2  stm32_lpm_if.o(.text.PWR_ExitOffMode)
    PWR_ExitSleepMode                        0x0800253b   Thumb Code     2  stm32_lpm_if.o(.text.PWR_ExitSleepMode)
    PWR_ExitStopMode                         0x0800253d   Thumb Code    72  stm32_lpm_if.o(.text.PWR_ExitStopMode)
    PendSV_Handler                           0x08002589   Thumb Code     2  stm32l0xx_it.o(.text.PendSV_Handler)
    RTC_ByteToBcd2                           0x08002631   Thumb Code    38  stm32l0xx_hal_rtc.o(.text.RTC_ByteToBcd2)
    RTC_EnterInitMode                        0x08002659   Thumb Code    52  stm32l0xx_hal_rtc.o(.text.RTC_EnterInitMode)
    RTC_IF_BkUp_Read_Seconds                 0x08002741   Thumb Code    12  rtc_if.o(.text.RTC_IF_BkUp_Read_Seconds)
    RTC_IF_BkUp_Read_SubSeconds              0x0800274d   Thumb Code    12  rtc_if.o(.text.RTC_IF_BkUp_Read_SubSeconds)
    RTC_IF_BkUp_Write_Seconds                0x0800275d   Thumb Code    16  rtc_if.o(.text.RTC_IF_BkUp_Write_Seconds)
    RTC_IF_BkUp_Write_SubSeconds             0x08002771   Thumb Code    16  rtc_if.o(.text.RTC_IF_BkUp_Write_SubSeconds)
    RTC_IF_Convert_Tick2ms                   0x08002785   Thumb Code    20  rtc_if.o(.text.RTC_IF_Convert_Tick2ms)
    RTC_IF_Convert_ms2Tick                   0x08002799   Thumb Code    18  rtc_if.o(.text.RTC_IF_Convert_ms2Tick)
    RTC_IF_DelayMs                           0x080027ab   Thumb Code    40  rtc_if.o(.text.RTC_IF_DelayMs)
    RTC_IF_GetMinimumTimeout                 0x080027d3   Thumb Code     4  rtc_if.o(.text.RTC_IF_GetMinimumTimeout)
    RTC_IF_GetTime                           0x080027d9   Thumb Code    32  rtc_if.o(.text.RTC_IF_GetTime)
    RTC_IF_GetTimerContext                   0x080027f9   Thumb Code     8  rtc_if.o(.text.RTC_IF_GetTimerContext)
    RTC_IF_GetTimerElapsedTime               0x08002801   Thumb Code    20  rtc_if.o(.text.RTC_IF_GetTimerElapsedTime)
    RTC_IF_GetTimerValue                     0x08002815   Thumb Code    28  rtc_if.o(.text.RTC_IF_GetTimerValue)
    RTC_IF_Init                              0x08002831   Thumb Code    68  rtc_if.o(.text.RTC_IF_Init)
    RTC_IF_SetTimerContext                   0x08002879   Thumb Code    20  rtc_if.o(.text.RTC_IF_SetTimerContext)
    RTC_IF_StartTimer                        0x0800288d   Thumb Code   368  rtc_if.o(.text.RTC_IF_StartTimer)
    RTC_IF_StopTimer                         0x08002a31   Thumb Code    28  rtc_if.o(.text.RTC_IF_StopTimer)
    RTC_IRQHandler                           0x08002a51   Thumb Code    12  stm32l0xx_it.o(.text.RTC_IRQHandler)
    RadioAddRegisterToRetentionList          0x08002a61   Thumb Code    80  radio.o(.text.RadioAddRegisterToRetentionList)
    RadioCheckRfFrequency                    0x08002ab5   Thumb Code     4  radio.o(.text.RadioCheckRfFrequency)
    RadioGetStatus                           0x08002ae9   Thumb Code    28  radio.o(.text.RadioGetStatus)
    RadioGetWakeupTime                       0x08002b09   Thumb Code    10  radio.o(.text.RadioGetWakeupTime)
    RadioInit                                0x08002b15   Thumb Code   112  radio.o(.text.RadioInit)
    RadioIrqProcess                          0x08002b95   Thumb Code   456  radio.o(.text.RadioIrqProcess)
    RadioIsChannelFree                       0x08002dad   Thumb Code   122  radio.o(.text.RadioIsChannelFree)
    RadioOnDioIrq                            0x08002e29   Thumb Code    16  radio.o(.text.RadioOnDioIrq)
    RadioOnRxTimeoutIrq                      0x08002e39   Thumb Code    20  radio.o(.text.RadioOnRxTimeoutIrq)
    RadioOnTxTimeoutIrq                      0x08002e4d   Thumb Code    20  radio.o(.text.RadioOnTxTimeoutIrq)
    RadioRandom                              0x08002e61   Thumb Code    38  radio.o(.text.RadioRandom)
    RadioRead                                0x08002e87   Thumb Code    10  radio.o(.text.RadioRead)
    RadioReadBuffer                          0x08002e91   Thumb Code    10  radio.o(.text.RadioReadBuffer)
    RadioRssi                                0x08002e9b   Thumb Code     8  radio.o(.text.RadioRssi)
    RadioRx                                  0x08002ea5   Thumb Code    60  radio.o(.text.RadioRx)
    RadioRxBoosted                           0x08002ee5   Thumb Code    60  radio.o(.text.RadioRxBoosted)
    RadioSend                                0x08002f29   Thumb Code    72  radio.o(.text.RadioSend)
    RadioSetChannel                          0x08002f75   Thumb Code     8  radio.o(.text.RadioSetChannel)
    RadioSetMaxPayloadLength                 0x08002f7d   Thumb Code    36  radio.o(.text.RadioSetMaxPayloadLength)
    RadioSetModem                            0x08002fa1   Thumb Code    48  radio.o(.text.RadioSetModem)
    RadioSetPublicNetwork                    0x08002fd1   Thumb Code    56  radio.o(.text.RadioSetPublicNetwork)
    RadioSetRxConfig                         0x08003009   Thumb Code   408  radio.o(.text.RadioSetRxConfig)
    RadioSetRxDutyCycle                      0x080031b1   Thumb Code     8  radio.o(.text.RadioSetRxDutyCycle)
    RadioSetTxConfig                         0x080031b9   Thumb Code   380  radio.o(.text.RadioSetTxConfig)
    RadioSetTxContinuousWave                 0x0800334d   Thumb Code    48  radio.o(.text.RadioSetTxContinuousWave)
    RadioSleep                               0x08003381   Thumb Code    16  radio.o(.text.RadioSleep)
    RadioStandby                             0x08003391   Thumb Code    10  radio.o(.text.RadioStandby)
    RadioStartCad                            0x0800339b   Thumb Code    22  radio.o(.text.RadioStartCad)
    RadioTimeOnAir                           0x080033b1   Thumb Code   320  radio.o(.text.RadioTimeOnAir)
    RadioWrite                               0x0800351d   Thumb Code    10  radio.o(.text.RadioWrite)
    RadioWriteBuffer                         0x08003527   Thumb Code    10  radio.o(.text.RadioWriteBuffer)
    SEQ_BitPosition                          0x08003531   Thumb Code    56  stm32_seq.o(.text.SEQ_BitPosition)
    SVC_Handler                              0x08003695   Thumb Code     2  stm32l0xx_it.o(.text.SVC_Handler)
    SX1262DVK1CAS_RADIO_BoardIsTcxo          0x08003697   Thumb Code     4  sx1262dvk1cas.o(.text.SX1262DVK1CAS_RADIO_BoardIsTcxo)
    SX1262DVK1CAS_RADIO_BoardSetLedRx        0x0800369d   Thumb Code    16  sx1262dvk1cas.o(.text.SX1262DVK1CAS_RADIO_BoardSetLedRx)
    SX1262DVK1CAS_RADIO_BoardSetLedTx        0x080036ad   Thumb Code    16  sx1262dvk1cas.o(.text.SX1262DVK1CAS_RADIO_BoardSetLedTx)
    SX1262DVK1CAS_RADIO_Bus_Init             0x080036c1   Thumb Code     8  sx1262dvk1cas.o(.text.SX1262DVK1CAS_RADIO_Bus_Init)
    SX1262DVK1CAS_RADIO_ChipSelect           0x080036c9   Thumb Code    22  sx1262dvk1cas.o(.text.SX1262DVK1CAS_RADIO_ChipSelect)
    SX1262DVK1CAS_RADIO_GetPaSelect          0x080036df   Thumb Code    20  sx1262dvk1cas.o(.text.SX1262DVK1CAS_RADIO_GetPaSelect)
    SX1262DVK1CAS_RADIO_GetWakeUpTime        0x080036f3   Thumb Code     4  sx1262dvk1cas.o(.text.SX1262DVK1CAS_RADIO_GetWakeUpTime)
    SX1262DVK1CAS_RADIO_IoDeInit             0x080036f9   Thumb Code    88  sx1262dvk1cas.o(.text.SX1262DVK1CAS_RADIO_IoDeInit)
    SX1262DVK1CAS_RADIO_IoInit               0x08003755   Thumb Code   320  sx1262dvk1cas.o(.text.SX1262DVK1CAS_RADIO_IoInit)
    SX1262DVK1CAS_RADIO_IoIrqInit            0x0800389d   Thumb Code    48  sx1262dvk1cas.o(.text.SX1262DVK1CAS_RADIO_IoIrqInit)
    SX1262DVK1CAS_RADIO_Reset                0x080038d5   Thumb Code   112  sx1262dvk1cas.o(.text.SX1262DVK1CAS_RADIO_Reset)
    SX1262DVK1CAS_RADIO_SendRecv             0x0800394d   Thumb Code    22  sx1262dvk1cas.o(.text.SX1262DVK1CAS_RADIO_SendRecv)
    SX1262DVK1CAS_RADIO_SetAntSw             0x08003963   Thumb Code    22  sx1262dvk1cas.o(.text.SX1262DVK1CAS_RADIO_SetAntSw)
    SX1262DVK1CAS_RADIO_WaitOnBusy           0x08003979   Thumb Code    20  sx1262dvk1cas.o(.text.SX1262DVK1CAS_RADIO_WaitOnBusy)
    SX1262DVK1CAS_RADIO_WakeUp               0x08003991   Thumb Code    50  sx1262dvk1cas.o(.text.SX1262DVK1CAS_RADIO_WakeUp)
    SX126xCalibrate                          0x080039c3   Thumb Code    20  sx126x.o(.text.SX126xCalibrate)
    SX126xCalibrateImage                     0x080039d9   Thumb Code    96  sx126x.o(.text.SX126xCalibrateImage)
    SX126xCheckDeviceReady                   0x08003a4d   Thumb Code    32  sx126x.o(.text.SX126xCheckDeviceReady)
    SX126xClearIrqStatus                     0x08003a6d   Thumb Code    20  sx126x.o(.text.SX126xClearIrqStatus)
    SX126xGetIrqStatus                       0x08003ab1   Thumb Code    26  sx126x.o(.text.SX126xGetIrqStatus)
    SX126xGetOperatingMode                   0x08003acd   Thumb Code     8  sx126x.o(.text.SX126xGetOperatingMode)
    SX126xGetPacketStatus                    0x08003ad5   Thumb Code   104  sx126x.o(.text.SX126xGetPacketStatus)
    SX126xGetPacketType                      0x08003b3d   Thumb Code     8  sx126x.o(.text.SX126xGetPacketType)
    SX126xGetPayload                         0x08003b45   Thumb Code    44  sx126x.o(.text.SX126xGetPayload)
    SX126xGetRandom                          0x08003b71   Thumb Code    96  sx126x.o(.text.SX126xGetRandom)
    SX126xGetRssiInst                        0x08003bdd   Thumb Code    22  sx126x.o(.text.SX126xGetRssiInst)
    SX126xGetRxBufferStatus                  0x08003bf5   Thumb Code    52  sx126x.o(.text.SX126xGetRxBufferStatus)
    SX126xInit                               0x08003c2d   Thumb Code    68  sx126x.o(.text.SX126xInit)
    SX126xReadBuffer                         0x08003c71   Thumb Code    64  sx126x.o(.text.SX126xReadBuffer)
    SX126xReadCommand                        0x08003cb1   Thumb Code    66  sx126x.o(.text.SX126xReadCommand)
    SX126xReadRegister                       0x08003cf3   Thumb Code    16  sx126x.o(.text.SX126xReadRegister)
    SX126xReadRegisters                      0x08003d05   Thumb Code    68  sx126x.o(.text.SX126xReadRegisters)
    SX126xSendPayload                        0x08003d4d   Thumb Code    16  sx126x.o(.text.SX126xSendPayload)
    SX126xSetBufferBaseAddress               0x08003d5d   Thumb Code    20  sx126x.o(.text.SX126xSetBufferBaseAddress)
    SX126xSetCad                             0x08003d71   Thumb Code    20  sx126x.o(.text.SX126xSetCad)
    SX126xSetCrcPolynomial                   0x08003d85   Thumb Code    32  sx126x.o(.text.SX126xSetCrcPolynomial)
    SX126xSetCrcSeed                         0x08003da9   Thumb Code    32  sx126x.o(.text.SX126xSetCrcSeed)
    SX126xSetDio2AsRfSwitchCtrl              0x08003dd1   Thumb Code    16  sx126x.o(.text.SX126xSetDio2AsRfSwitchCtrl)
    SX126xSetDio3AsTcxoCtrl                  0x08003de1   Thumb Code    32  sx126x.o(.text.SX126xSetDio3AsTcxoCtrl)
    SX126xSetDioIrqParams                    0x08003e01   Thumb Code    40  sx126x.o(.text.SX126xSetDioIrqParams)
    SX126xSetLoRaSymbNumTimeout              0x08003e29   Thumb Code    72  sx126x.o(.text.SX126xSetLoRaSymbNumTimeout)
    SX126xSetModulationParams                0x08003e75   Thumb Code   112  sx126x.o(.text.SX126xSetModulationParams)
    SX126xSetOperatingMode                   0x08003ee9   Thumb Code     8  sx126x.o(.text.SX126xSetOperatingMode)
    SX126xSetPaConfig                        0x08003ef5   Thumb Code    24  sx126x.o(.text.SX126xSetPaConfig)
    SX126xSetPacketParams                    0x08003f0d   Thumb Code   148  sx126x.o(.text.SX126xSetPacketParams)
    SX126xSetPacketType                      0x08003fb1   Thumb Code    20  sx126x.o(.text.SX126xSetPacketType)
    SX126xSetPayload                         0x08003fc9   Thumb Code    14  sx126x.o(.text.SX126xSetPayload)
    SX126xSetRegulatorMode                   0x08003fd7   Thumb Code    16  sx126x.o(.text.SX126xSetRegulatorMode)
    SX126xSetRfFrequency                     0x08003fe9   Thumb Code    56  sx126x.o(.text.SX126xSetRfFrequency)
    SX126xSetRfTxPower                       0x08004025   Thumb Code    10  sx126x.o(.text.SX126xSetRfTxPower)
    SX126xSetRx                              0x08004031   Thumb Code    48  sx126x.o(.text.SX126xSetRx)
    SX126xSetRxBoosted                       0x08004061   Thumb Code    40  sx126x.o(.text.SX126xSetRxBoosted)
    SX126xSetRxDutyCycle                     0x0800408d   Thumb Code    44  sx126x.o(.text.SX126xSetRxDutyCycle)
    SX126xSetSleep                           0x080040b9   Thumb Code    52  sx126x.o(.text.SX126xSetSleep)
    SX126xSetStandby                         0x080040ed   Thumb Code    32  sx126x.o(.text.SX126xSetStandby)
    SX126xSetStopRxTimerOnPreambleDetect     0x08004111   Thumb Code    16  sx126x.o(.text.SX126xSetStopRxTimerOnPreambleDetect)
    SX126xSetSyncWord                        0x08004121   Thumb Code    18  sx126x.o(.text.SX126xSetSyncWord)
    SX126xSetTx                              0x08004135   Thumb Code    36  sx126x.o(.text.SX126xSetTx)
    SX126xSetTxContinuousWave                0x0800415d   Thumb Code    20  sx126x.o(.text.SX126xSetTxContinuousWave)
    SX126xSetTxParams                        0x08004175   Thumb Code   124  sx126x.o(.text.SX126xSetTxParams)
    SX126xSetWhiteningSeed                   0x080041f5   Thumb Code    52  sx126x.o(.text.SX126xSetWhiteningSeed)
    SX126xWriteBuffer                        0x0800422d   Thumb Code    58  sx126x.o(.text.SX126xWriteBuffer)
    SX126xWriteCommand                       0x08004267   Thumb Code    56  sx126x.o(.text.SX126xWriteCommand)
    SX126xWriteRegister                      0x0800429f   Thumb Code    16  sx126x.o(.text.SX126xWriteRegister)
    SX126xWriteRegisters                     0x080042b1   Thumb Code    60  sx126x.o(.text.SX126xWriteRegisters)
    SubghzApp_Init                           0x080042f1   Thumb Code   256  subghz_phy_app.o(.text.SubghzApp_Init)
    SysTick_Handler                          0x0800449d   Thumb Code     8  stm32l0xx_it.o(.text.SysTick_Handler)
    SysTimeAdd                               0x080044a5   Thumb Code    36  stm32_systime.o(.text.SysTimeAdd)
    SysTimeGet                               0x080044d1   Thumb Code    64  stm32_systime.o(.text.SysTimeGet)
    SystemApp_Init                           0x08004515   Thumb Code   204  sys_app.o(.text.SystemApp_Init)
    SystemClock_Config                       0x080045fd   Thumb Code   140  main.o(.text.SystemClock_Config)
    SystemInit                               0x08004691   Thumb Code    64  system_stm32l0xx.o(.text.SystemInit)
    TimerExists                              0x080048a5   Thumb Code    24  stm32_timer.o(.text.TimerExists)
    TimerInsertNewHeadTimer                  0x080048bd   Thumb Code    24  stm32_timer.o(.text.TimerInsertNewHeadTimer)
    TimerInsertTimer                         0x080048d5   Thumb Code    32  stm32_timer.o(.text.TimerInsertTimer)
    TimerSetTimeout                          0x080048f9   Thumb Code    48  stm32_timer.o(.text.TimerSetTimeout)
    UART_AdvFeatureConfig                    0x08004953   Thumb Code   184  stm32l0xx_hal_uart.o(.text.UART_AdvFeatureConfig)
    UART_CheckIdleState                      0x08004a0d   Thumb Code   100  stm32l0xx_hal_uart.o(.text.UART_CheckIdleState)
    UART_SetConfig                           0x08004c31   Thumb Code   436  stm32l0xx_hal_uart.o(.text.UART_SetConfig)
    UART_Start_Receive_IT                    0x08004e29   Thumb Code   128  stm32l0xx_hal_uart.o(.text.UART_Start_Receive_IT)
    UART_WaitOnFlagUntilTimeout              0x08004eb5   Thumb Code   148  stm32l0xx_hal_uart.o(.text.UART_WaitOnFlagUntilTimeout)
    USART2_IRQHandler                        0x08004f49   Thumb Code    12  stm32l0xx_it.o(.text.USART2_IRQHandler)
    UTIL_ADV_TRACE_COND_FSend                0x08004f59   Thumb Code   160  stm32_adv_trace.o(.text.UTIL_ADV_TRACE_COND_FSend)
    UTIL_ADV_TRACE_Init                      0x08004ffd   Thumb Code    36  stm32_adv_trace.o(.text.UTIL_ADV_TRACE_Init)
    UTIL_ADV_TRACE_PostSendHook              0x0800502d   Thumb Code    12  sys_app.o(.text.UTIL_ADV_TRACE_PostSendHook)
    UTIL_ADV_TRACE_PreSendHook               0x08005039   Thumb Code    12  sys_app.o(.text.UTIL_ADV_TRACE_PreSendHook)
    UTIL_ADV_TRACE_RegisterTimeStampFunction 0x08005045   Thumb Code     8  stm32_adv_trace.o(.text.UTIL_ADV_TRACE_RegisterTimeStampFunction)
    UTIL_ADV_TRACE_SetVerboseLevel           0x0800504d   Thumb Code     8  stm32_adv_trace.o(.text.UTIL_ADV_TRACE_SetVerboseLevel)
    UTIL_LPM_EnterLowPower                   0x08005059   Thumb Code    60  stm32_lpm.o(.text.UTIL_LPM_EnterLowPower)
    UTIL_LPM_GetMode                         0x08005099   Thumb Code    36  stm32_lpm.o(.text.UTIL_LPM_GetMode)
    UTIL_LPM_Init                            0x080050bd   Thumb Code    12  stm32_lpm.o(.text.UTIL_LPM_Init)
    UTIL_LPM_SetOffMode                      0x080050c9   Thumb Code    44  stm32_lpm.o(.text.UTIL_LPM_SetOffMode)
    UTIL_LPM_SetStopMode                     0x080050f5   Thumb Code    44  stm32_lpm.o(.text.UTIL_LPM_SetStopMode)
    UTIL_MEM_set_8                           0x08005125   Thumb Code    14  stm32_mem.o(.text.UTIL_MEM_set_8)
    UTIL_SEQ_Idle                            0x08005133   Thumb Code     8  sys_app.o(.text.UTIL_SEQ_Idle)
    UTIL_SEQ_PostIdle                        0x0800513b   Thumb Code     2  stm32_seq.o(.text.UTIL_SEQ_PostIdle)
    UTIL_SEQ_PreIdle                         0x0800513d   Thumb Code     2  stm32_seq.o(.text.UTIL_SEQ_PreIdle)
    UTIL_SEQ_RegTask                         0x08005141   Thumb Code    32  stm32_seq.o(.text.UTIL_SEQ_RegTask)
    UTIL_SEQ_Run                             0x08005161   Thumb Code   204  stm32_seq.o(.text.UTIL_SEQ_Run)
    UTIL_SEQ_SetTask                         0x08005235   Thumb Code    36  stm32_seq.o(.text.UTIL_SEQ_SetTask)
    UTIL_TIMER_Create                        0x0800525d   Thumb Code    56  stm32_timer.o(.text.UTIL_TIMER_Create)
    UTIL_TIMER_GetCurrentTime                0x08005295   Thumb Code    16  stm32_timer.o(.text.UTIL_TIMER_GetCurrentTime)
    UTIL_TIMER_GetElapsedTime                0x080052a5   Thumb Code    28  stm32_timer.o(.text.UTIL_TIMER_GetElapsedTime)
    UTIL_TIMER_IRQ_Handler                   0x080052c1   Thumb Code   136  stm32_timer.o(.text.UTIL_TIMER_IRQ_Handler)
    UTIL_TIMER_Init                          0x08005349   Thumb Code    16  stm32_timer.o(.text.UTIL_TIMER_Init)
    UTIL_TIMER_SetPeriod                     0x08005359   Thumb Code    52  stm32_timer.o(.text.UTIL_TIMER_SetPeriod)
    UTIL_TIMER_Start                         0x0800538d   Thumb Code   116  stm32_timer.o(.text.UTIL_TIMER_Start)
    UTIL_TIMER_Stop                          0x08005401   Thumb Code   104  stm32_timer.o(.text.UTIL_TIMER_Stop)
    main                                     0x080054b1   Thumb Code    18  main.o(.text.main)
    tiny_vsnprintf_like                      0x080054ed   Thumb Code   588  stm32_tiny_vsnprintf.o(.text.tiny_vsnprintf_like)
    vcom_DeInit                              0x0800578d   Thumb Code    36  usart_if.o(.text.vcom_DeInit)
    vcom_Init                                0x080057b5   Thumb Code    20  usart_if.o(.text.vcom_Init)
    vcom_ReceiveInit                         0x080057cd   Thumb Code    64  usart_if.o(.text.vcom_ReceiveInit)
    vcom_Trace_DMA                           0x08005811   Thumb Code    16  usart_if.o(.text.vcom_Trace_DMA)
    __scatterload_copy                       0x08005825   Thumb Code    14  handlers.o(i.__scatterload_copy)
    __scatterload_null                       0x08005833   Thumb Code     2  handlers.o(i.__scatterload_null)
    __scatterload_zeroinit                   0x08005835   Thumb Code    14  handlers.o(i.__scatterload_zeroinit)
    AHBPrescTable                            0x08005842   Data          16  system_stm32l0xx.o(.rodata.AHBPrescTable)
    APBPrescTable                            0x08005852   Data           8  system_stm32l0xx.o(.rodata.APBPrescTable)
    Bandwidths                               0x0800585a   Data           3  radio.o(.rodata.Bandwidths)
    FskBandwidths                            0x08005860   Data         176  radio.o(.rodata.FskBandwidths)
    PLLMulTable                              0x08005910   Data           9  system_stm32l0xx.o(.rodata.PLLMulTable)
    Radio                                    0x0800591c   Data         108  radio.o(.rodata.Radio)
    UTIL_PowerDriver                         0x08005988   Data          24  stm32_lpm_if.o(.rodata.UTIL_PowerDriver)
    UTIL_SYSTIMDriver                        0x080059a0   Data          20  rtc_if.o(.rodata.UTIL_SYSTIMDriver)
    UTIL_TimerDriver                         0x080059b4   Data          44  rtc_if.o(.rodata.UTIL_TimerDriver)
    UTIL_TraceDriver                         0x080059e0   Data          16  usart_if.o(.rodata.UTIL_TraceDriver)
    Region$$Table$$Base                      0x08005a48   Number         0  anon$$obj.o(Region$$Table)
    Region$$Table$$Limit                     0x08005a68   Number         0  anon$$obj.o(Region$$Table)
    uwTickFreq                               0x20000000   Data           1  stm32l0xx_hal.o(.data..L_MergedGlobals)
    uwTickPrio                               0x20000004   Data           4  stm32l0xx_hal.o(.data..L_MergedGlobals)
    MaxPayloadLength                         0x20000010   Data           1  radio.o(.data.MaxPayloadLength)
    SystemCoreClock                          0x20000014   Data           4  system_stm32l0xx.o(.data.SystemCoreClock)
    isMaster                                 0x20000018   Data           1  subghz_phy_app.o(.data.isMaster)
    charRx                                   0x200000a0   Data           1  usart_if.o(.bss..L_MergedGlobals)
    RxContinuous                             0x200000a8   Data           1  radio.o(.bss..L_MergedGlobals)
    IrqFired                                 0x200000a9   Data           1  radio.o(.bss..L_MergedGlobals)
    TxTimeout                                0x200000ac   Data           4  radio.o(.bss..L_MergedGlobals)
    RxTimeout                                0x200000b0   Data           4  radio.o(.bss..L_MergedGlobals)
    RadioPktStatus                           0x200000b8   Data          20  radio.o(.bss..L_MergedGlobals)
    TxTimeoutTimer                           0x200000cc   Data          24  radio.o(.bss..L_MergedGlobals)
    RxTimeoutTimer                           0x200000e4   Data          24  radio.o(.bss..L_MergedGlobals)
    FrequencyError                           0x20000100   Data           4  sx126x.o(.bss..L_MergedGlobals)
    RadioRxPayload                           0x20000444   Data         255  radio.o(.bss.RadioRxPayload)
    SX126x                                   0x20000544   Data          60  radio.o(.bss.SX126x)
    hRADIO_DIO_exti                          0x20000608   Data           8  sx1262dvk1cas.o(.bss.hRADIO_DIO_exti)
    hdma_usart2_tx                           0x20000610   Data          72  usart.o(.bss.hdma_usart2_tx)
    hrtc                                     0x20000658   Data          36  rtc.o(.bss.hrtc)
    hspi1                                    0x2000067c   Data          88  nucleo_l073rz_bus.o(.bss.hspi1)
    huart2                                   0x200006d4   Data         132  usart.o(.bss.huart2)
    uwTick                                   0x20000858   Data           4  stm32l0xx_hal.o(.bss.uwTick)
    __initial_sp                             0x20000c60   Data           0  startup_stm32l073xx.o(STACK)



==============================================================================

Memory Map of the image

  Image Entry point : 0x080000c1

  Load Region LR_IROM1 (Base: 0x08000000, Size: 0x00005a88, Max: 0x00030000, ABSOLUTE)

    Execution Region ER_IROM1 (Exec base: 0x08000000, Load base: 0x08000000, Size: 0x00005a68, Max: 0x00030000, ABSOLUTE)

    Exec Addr    Load Addr    Size         Type   Attr      Idx    E Section Name        Object

    0x08000000   0x08000000   0x000000c0   Data   RO          272    RESET               startup_stm32l073xx.o
    0x080000c0   0x080000c0   0x00000000   Code   RO         2043  * .ARM.Collect$$$$00000000  mc_p.l(entry.o)
    0x080000c0   0x080000c0   0x00000004   Code   RO         2060    .ARM.Collect$$$$00000001  mc_p.l(entry2.o)
    0x080000c4   0x080000c4   0x00000004   Code   RO         2063    .ARM.Collect$$$$00000004  mc_p.l(entry5.o)
    0x080000c8   0x080000c8   0x00000000   Code   RO         2065    .ARM.Collect$$$$00000008  mc_p.l(entry7b.o)
    0x080000c8   0x080000c8   0x00000000   Code   RO         2067    .ARM.Collect$$$$0000000A  mc_p.l(entry8b.o)
    0x080000c8   0x080000c8   0x00000008   Code   RO         2068    .ARM.Collect$$$$0000000B  mc_p.l(entry9a.o)
    0x080000d0   0x080000d0   0x00000000   Code   RO         2070    .ARM.Collect$$$$0000000D  mc_p.l(entry10a.o)
    0x080000d0   0x080000d0   0x00000000   Code   RO         2072    .ARM.Collect$$$$0000000F  mc_p.l(entry11a.o)
    0x080000d0   0x080000d0   0x00000004   Code   RO         2061    .ARM.Collect$$$$00002712  mc_p.l(entry2.o)
    0x080000d4   0x080000d4   0x0000001c   Code   RO          273    .text               startup_stm32l073xx.o
    0x080000f0   0x080000f0   0x00000060   Code   RO         2052    .text               mc_p.l(uldiv.o)
    0x08000150   0x08000150   0x00000030   Code   RO         2054    .text               mc_p.l(llmul.o)
    0x08000180   0x08000180   0x00000024   Code   RO         2056    .text               mc_p.l(memseta.o)
    0x080001a4   0x080001a4   0x0000000e   Code   RO         2058    .text               mc_p.l(strlen.o)
    0x080001b2   0x080001b2   0x0000003e   Code   RO         2076    .text               mc_p.l(uidiv_div0.o)
    0x080001f0   0x080001f0   0x00000050   Code   RO         2078    .text               mc_p.l(idiv_div0.o)
    0x08000240   0x08000240   0x00000020   Code   RO         2082    .text               mc_p.l(llshl.o)
    0x08000260   0x08000260   0x00000022   Code   RO         2084    .text               mc_p.l(llushr.o)
    0x08000282   0x08000282   0x00000002   PAD
    0x08000284   0x08000284   0x00000024   Code   RO         2086    .text               mc_p.l(init.o)
    0x080002a8   0x080002a8   0x00000078   Code   RO          280    .text.BSP_SPI1_Init  nucleo_l073rz_bus.o
    0x08000320   0x08000320   0x00000028   Code   RO          290    .text.BSP_SPI1_SendRecv  nucleo_l073rz_bus.o
    0x08000348   0x08000348   0x00000002   Code   RO          219    .text.DBG_ProbesInit  sys_debug.o
    0x0800034a   0x0800034a   0x00000002   PAD
    0x0800034c   0x0800034c   0x00000010   Code   RO          176    .text.DMA1_Channel4_5_6_7_IRQHandler  stm32l0xx_it.o
    0x0800035c   0x0800035c   0x0000002a   Code   RO          550    .text.DMA_SetConfig  stm32l0xx_hal_dma.o
    0x08000386   0x08000386   0x00000002   Code   RO          170    .text.EXTI0_1_IRQHandler  stm32l0xx_it.o
    0x08000388   0x08000388   0x00000002   Code   RO          172    .text.EXTI2_3_IRQHandler  stm32l0xx_it.o
    0x0800038a   0x0800038a   0x00000002   PAD
    0x0800038c   0x0800038c   0x00000010   Code   RO          174    .text.EXTI4_15_IRQHandler  stm32l0xx_it.o
    0x0800039c   0x0800039c   0x00000008   Code   RO           50    .text.Error_Handler  main.o
    0x080003a4   0x080003a4   0x00000040   Code   RO          554    .text.HAL_DMA_Abort  stm32l0xx_hal_dma.o
    0x080003e4   0x080003e4   0x00000048   Code   RO          556    .text.HAL_DMA_Abort_IT  stm32l0xx_hal_dma.o
    0x0800042c   0x0800042c   0x00000058   Code   RO          546    .text.HAL_DMA_DeInit  stm32l0xx_hal_dma.o
    0x08000484   0x08000484   0x00000090   Code   RO          560    .text.HAL_DMA_IRQHandler  stm32l0xx_hal_dma.o
    0x08000514   0x08000514   0x000000a0   Code   RO          544    .text.HAL_DMA_Init  stm32l0xx_hal_dma.o
    0x080005b4   0x080005b4   0x0000005e   Code   RO          552    .text.HAL_DMA_Start_IT  stm32l0xx_hal_dma.o
    0x08000612   0x08000612   0x0000000c   Code   RO          203    .text.HAL_Delay     sys_app.o
    0x0800061e   0x0800061e   0x0000000e   Code   RO          586    .text.HAL_EXTI_GetHandle  stm32l0xx_hal_exti.o
    0x0800062c   0x0800062c   0x00000024   Code   RO          588    .text.HAL_EXTI_IRQHandler  stm32l0xx_hal_exti.o
    0x08000650   0x08000650   0x0000000e   Code   RO          584    .text.HAL_EXTI_RegisterCallback  stm32l0xx_hal_exti.o
    0x0800065e   0x0800065e   0x00000002   PAD
    0x08000660   0x08000660   0x000000d0   Code   RO          606    .text.HAL_GPIO_DeInit  stm32l0xx_hal_gpio.o
    0x08000730   0x08000730   0x00000180   Code   RO          604    .text.HAL_GPIO_Init  stm32l0xx_hal_gpio.o
    0x080008b0   0x080008b0   0x0000000a   Code   RO          608    .text.HAL_GPIO_ReadPin  stm32l0xx_hal_gpio.o
    0x080008ba   0x080008ba   0x0000000e   Code   RO          610    .text.HAL_GPIO_WritePin  stm32l0xx_hal_gpio.o
    0x080008c8   0x080008c8   0x00000008   Code   RO          201    .text.HAL_GetTick   sys_app.o
    0x080008d0   0x080008d0   0x00000018   Code   RO          438    .text.HAL_IncTick   stm32l0xx_hal.o
    0x080008e8   0x080008e8   0x00000024   Code   RO          428    .text.HAL_Init      stm32l0xx_hal.o
    0x0800090c   0x0800090c   0x00000004   Code   RO          199    .text.HAL_InitTick  sys_app.o
    0x08000910   0x08000910   0x00000030   Code   RO          144    .text.HAL_MspInit   stm32l0xx_hal_msp.o
    0x08000940   0x08000940   0x00000020   Code   RO          508    .text.HAL_NVIC_DisableIRQ  stm32l0xx_hal_cortex.o
    0x08000960   0x08000960   0x00000018   Code   RO          506    .text.HAL_NVIC_EnableIRQ  stm32l0xx_hal_cortex.o
    0x08000978   0x08000978   0x00000008   Code   RO          502    .text.HAL_NVIC_SetPriority  stm32l0xx_hal_cortex.o
    0x08000980   0x08000980   0x00000010   Code   RO          838    .text.HAL_PWREx_EnableFastWakeUp  stm32l0xx_hal_pwr_ex.o
    0x08000990   0x08000990   0x00000010   Code   RO          842    .text.HAL_PWREx_EnableUltraLowPower  stm32l0xx_hal_pwr_ex.o
    0x080009a0   0x080009a0   0x0000000c   Code   RO          804    .text.HAL_PWR_DisablePVD  stm32l0xx_hal_pwr.o
    0x080009ac   0x080009ac   0x0000004c   Code   RO          810    .text.HAL_PWR_EnterSLEEPMode  stm32l0xx_hal_pwr.o
    0x080009f8   0x080009f8   0x00000058   Code   RO          812    .text.HAL_PWR_EnterSTOPMode  stm32l0xx_hal_pwr.o
    0x08000a50   0x08000a50   0x000001ac   Code   RO          892    .text.HAL_RCCEx_PeriphCLKConfig  stm32l0xx_hal_rcc_ex.o
    0x08000bfc   0x08000bfc   0x00000194   Code   RO          864    .text.HAL_RCC_ClockConfig  stm32l0xx_hal_rcc.o
    0x08000d90   0x08000d90   0x00000014   Code   RO          872    .text.HAL_RCC_GetPCLK1Freq  stm32l0xx_hal_rcc.o
    0x08000da4   0x08000da4   0x00000020   Code   RO          874    .text.HAL_RCC_GetPCLK2Freq  stm32l0xx_hal_rcc.o
    0x08000dc4   0x08000dc4   0x00000070   Code   RO          862    .text.HAL_RCC_GetSysClockFreq  stm32l0xx_hal_rcc.o
    0x08000e34   0x08000e34   0x00000510   Code   RO          860    .text.HAL_RCC_OscConfig  stm32l0xx_hal_rcc.o
    0x08001344   0x08001344   0x00000002   Code   RO         1052    .text.HAL_RTCEx_AlarmBEventCallback  stm32l0xx_hal_rtc_ex.o
    0x08001346   0x08001346   0x0000000a   Code   RO         1034    .text.HAL_RTCEx_BKUPRead  stm32l0xx_hal_rtc_ex.o
    0x08001350   0x08001350   0x0000000a   Code   RO         1032    .text.HAL_RTCEx_BKUPWrite  stm32l0xx_hal_rtc_ex.o
    0x0800135a   0x0800135a   0x00000032   Code   RO         1048    .text.HAL_RTCEx_EnableBypassShadow  stm32l0xx_hal_rtc_ex.o
    0x0800138c   0x0800138c   0x00000008   Code   RO          109    .text.HAL_RTC_AlarmAEventCallback  rtc_if.o
    0x08001394   0x08001394   0x00000064   Code   RO          970    .text.HAL_RTC_AlarmIRQHandler  stm32l0xx_hal_rtc.o
    0x080013f8   0x080013f8   0x0000009c   Code   RO          966    .text.HAL_RTC_DeactivateAlarm  stm32l0xx_hal_rtc.o
    0x08001494   0x08001494   0x00000054   Code   RO          960    .text.HAL_RTC_GetDate  stm32l0xx_hal_rtc.o
    0x080014e8   0x080014e8   0x00000060   Code   RO          954    .text.HAL_RTC_GetTime  stm32l0xx_hal_rtc.o
    0x08001548   0x08001548   0x000000b4   Code   RO          938    .text.HAL_RTC_Init  stm32l0xx_hal_rtc.o
    0x080015fc   0x080015fc   0x00000060   Code   RO           62    .text.HAL_RTC_MspInit  rtc.o
    0x0800165c   0x0800165c   0x0000018c   Code   RO          964    .text.HAL_RTC_SetAlarm_IT  stm32l0xx_hal_rtc.o
    0x080017e8   0x080017e8   0x000000b8   Code   RO          958    .text.HAL_RTC_SetDate  stm32l0xx_hal_rtc.o
    0x080018a0   0x080018a0   0x000000e8   Code   RO          950    .text.HAL_RTC_SetTime  stm32l0xx_hal_rtc.o
    0x08001988   0x08001988   0x00000034   Code   RO          944    .text.HAL_RTC_WaitForSynchro  stm32l0xx_hal_rtc.o
    0x080019bc   0x080019bc   0x00000006   Code   RO         1164    .text.HAL_SPI_GetState  stm32l0xx_hal_spi.o
    0x080019c2   0x080019c2   0x000000ca   Code   RO         1064    .text.HAL_SPI_Init  stm32l0xx_hal_spi.o
    0x08001a8c   0x08001a8c   0x00000002   Code   RO         1066    .text.HAL_SPI_MspInit  stm32l0xx_hal_spi.o
    0x08001a8e   0x08001a8e   0x00000002   PAD
    0x08001a90   0x08001a90   0x00000294   Code   RO         1078    .text.HAL_SPI_TransmitReceive  stm32l0xx_hal_spi.o
    0x08001d24   0x08001d24   0x00000022   Code   RO         1589    .text.HAL_UARTEx_EnableStopMode  stm32l0xx_hal_uart_ex.o
    0x08001d46   0x08001d46   0x00000002   Code   RO         1528    .text.HAL_UARTEx_RxEventCallback  stm32l0xx_hal_uart.o
    0x08001d48   0x08001d48   0x00000084   Code   RO         1587    .text.HAL_UARTEx_StopModeWakeUpSourceConfig  stm32l0xx_hal_uart_ex.o
    0x08001dcc   0x08001dcc   0x00000002   Code   RO         1579    .text.HAL_UARTEx_WakeupCallback  stm32l0xx_hal_uart_ex.o
    0x08001dce   0x08001dce   0x00000002   Code   RO         1526    .text.HAL_UART_ErrorCallback  stm32l0xx_hal_uart.o
    0x08001dd0   0x08001dd0   0x00000230   Code   RO         1522    .text.HAL_UART_IRQHandler  stm32l0xx_hal_uart.o
    0x08002000   0x08002000   0x0000006a   Code   RO         1440    .text.HAL_UART_Init  stm32l0xx_hal_uart.o
    0x0800206a   0x0800206a   0x00000002   PAD
    0x0800206c   0x0800206c   0x00000038   Code   RO          232    .text.HAL_UART_MspDeInit  usart.o
    0x080020a4   0x080020a4   0x00000118   Code   RO          230    .text.HAL_UART_MspInit  usart.o
    0x080021bc   0x080021bc   0x00000068   Code   RO         1472    .text.HAL_UART_Receive_IT  stm32l0xx_hal_uart.o
    0x08002224   0x08002224   0x0000002c   Code   RO          258    .text.HAL_UART_RxCpltCallback  usart_if.o
    0x08002250   0x08002250   0x000000a0   Code   RO         1476    .text.HAL_UART_Transmit_DMA  stm32l0xx_hal_uart.o
    0x080022f0   0x080022f0   0x00000010   Code   RO          256    .text.HAL_UART_TxCpltCallback  usart_if.o
    0x08002300   0x08002300   0x00000002   Code   RO         1532    .text.HAL_UART_TxHalfCpltCallback  stm32l0xx_hal_uart.o
    0x08002302   0x08002302   0x00000002   Code   RO          154    .text.HardFault_Handler  stm32l0xx_it.o
    0x08002304   0x08002304   0x0000002c   Code   RO           38    .text.MX_DMA_Init   dma.o
    0x08002330   0x08002330   0x000000b0   Code   RO           60    .text.MX_RTC_Init   rtc.o
    0x080023e0   0x080023e0   0x0000005c   Code   RO          282    .text.MX_SPI1_Init  nucleo_l073rz_bus.o
    0x0800243c   0x0800243c   0x0000000c   Code   RO            2    .text.MX_SubGHz_Phy_Init  app_subghz_phy.o
    0x08002448   0x08002448   0x0000000c   Code   RO            4    .text.MX_SubGHz_Phy_Process  app_subghz_phy.o
    0x08002454   0x08002454   0x00000034   Code   RO          228    .text.MX_USART2_UART_Init  usart.o
    0x08002488   0x08002488   0x00000002   Code   RO          152    .text.NMI_Handler   stm32l0xx_it.o
    0x0800248a   0x0800248a   0x00000002   PAD
    0x0800248c   0x0800248c   0x00000030   Code   RO           17    .text.OnTxDone      subghz_phy_app.o
    0x080024bc   0x080024bc   0x00000034   Code   RO           19    .text.OnTxTimeout   subghz_phy_app.o
    0x080024f0   0x080024f0   0x0000000c   Code   RO           15    .text.OnledEvent    subghz_phy_app.o
    0x080024fc   0x080024fc   0x00000002   Code   RO          131    .text.PWR_EnterOffMode  stm32_lpm_if.o
    0x080024fe   0x080024fe   0x0000000c   Code   RO          123    .text.PWR_EnterSleepMode  stm32_lpm_if.o
    0x0800250a   0x0800250a   0x00000002   PAD
    0x0800250c   0x0800250c   0x0000002c   Code   RO          127    .text.PWR_EnterStopMode  stm32_lpm_if.o
    0x08002538   0x08002538   0x00000002   Code   RO          133    .text.PWR_ExitOffMode  stm32_lpm_if.o
    0x0800253a   0x0800253a   0x00000002   Code   RO          125    .text.PWR_ExitSleepMode  stm32_lpm_if.o
    0x0800253c   0x0800253c   0x0000004c   Code   RO          129    .text.PWR_ExitStopMode  stm32_lpm_if.o
    0x08002588   0x08002588   0x00000002   Code   RO          166    .text.PendSV_Handler  stm32l0xx_it.o
    0x0800258a   0x0800258a   0x00000002   PAD
    0x0800258c   0x0800258c   0x000000a4   Code   RO           21    .text.PingPong_Process  subghz_phy_app.o
    0x08002630   0x08002630   0x00000026   Code   RO          952    .text.RTC_ByteToBcd2  stm32l0xx_hal_rtc.o
    0x08002656   0x08002656   0x00000002   PAD
    0x08002658   0x08002658   0x00000038   Code   RO          942    .text.RTC_EnterInitMode  stm32l0xx_hal_rtc.o
    0x08002690   0x08002690   0x000000b0   Code   RO          105    .text.RTC_GetCalendarValue  rtc_if.o
    0x08002740   0x08002740   0x0000000c   Code   RO           97    .text.RTC_IF_BkUp_Read_Seconds  rtc_if.o
    0x0800274c   0x0800274c   0x00000010   Code   RO          101    .text.RTC_IF_BkUp_Read_SubSeconds  rtc_if.o
    0x0800275c   0x0800275c   0x00000014   Code   RO           95    .text.RTC_IF_BkUp_Write_Seconds  rtc_if.o
    0x08002770   0x08002770   0x00000014   Code   RO           99    .text.RTC_IF_BkUp_Write_SubSeconds  rtc_if.o
    0x08002784   0x08002784   0x00000014   Code   RO           93    .text.RTC_IF_Convert_Tick2ms  rtc_if.o
    0x08002798   0x08002798   0x00000012   Code   RO           91    .text.RTC_IF_Convert_ms2Tick  rtc_if.o
    0x080027aa   0x080027aa   0x00000028   Code   RO          107    .text.RTC_IF_DelayMs  rtc_if.o
    0x080027d2   0x080027d2   0x00000004   Code   RO           89    .text.RTC_IF_GetMinimumTimeout  rtc_if.o
    0x080027d6   0x080027d6   0x00000002   PAD
    0x080027d8   0x080027d8   0x00000020   Code   RO          103    .text.RTC_IF_GetTime  rtc_if.o
    0x080027f8   0x080027f8   0x00000008   Code   RO           83    .text.RTC_IF_GetTimerContext  rtc_if.o
    0x08002800   0x08002800   0x00000014   Code   RO           85    .text.RTC_IF_GetTimerElapsedTime  rtc_if.o
    0x08002814   0x08002814   0x0000001c   Code   RO           87    .text.RTC_IF_GetTimerValue  rtc_if.o
    0x08002830   0x08002830   0x00000048   Code   RO           75    .text.RTC_IF_Init   rtc_if.o
    0x08002878   0x08002878   0x00000014   Code   RO           81    .text.RTC_IF_SetTimerContext  rtc_if.o
    0x0800288c   0x0800288c   0x000001a4   Code   RO           77    .text.RTC_IF_StartTimer  rtc_if.o
    0x08002a30   0x08002a30   0x00000020   Code   RO           79    .text.RTC_IF_StopTimer  rtc_if.o
    0x08002a50   0x08002a50   0x00000010   Code   RO          180    .text.RTC_IRQHandler  stm32l0xx_it.o
    0x08002a60   0x08002a60   0x00000054   Code   RO         1663    .text.RadioAddRegisterToRetentionList  radio.o
    0x08002ab4   0x08002ab4   0x00000004   Code   RO         1623    .text.RadioCheckRfFrequency  radio.o
    0x08002ab8   0x08002ab8   0x00000030   Code   RO         1669    .text.RadioGetFskBandwidthRegValue  radio.o
    0x08002ae8   0x08002ae8   0x00000020   Code   RO         1609    .text.RadioGetStatus  radio.o
    0x08002b08   0x08002b08   0x0000000a   Code   RO         1653    .text.RadioGetWakeupTime  radio.o
    0x08002b12   0x08002b12   0x00000002   PAD
    0x08002b14   0x08002b14   0x00000080   Code   RO         1607    .text.RadioInit     radio.o
    0x08002b94   0x08002b94   0x00000218   Code   RO         1655    .text.RadioIrqProcess  radio.o
    0x08002dac   0x08002dac   0x0000007a   Code   RO         1615    .text.RadioIsChannelFree  radio.o
    0x08002e26   0x08002e26   0x00000002   PAD
    0x08002e28   0x08002e28   0x00000010   Code   RO         1661    .text.RadioOnDioIrq  radio.o
    0x08002e38   0x08002e38   0x00000014   Code   RO         1667    .text.RadioOnRxTimeoutIrq  radio.o
    0x08002e4c   0x08002e4c   0x00000014   Code   RO         1665    .text.RadioOnTxTimeoutIrq  radio.o
    0x08002e60   0x08002e60   0x00000026   Code   RO         1617    .text.RadioRandom   radio.o
    0x08002e86   0x08002e86   0x0000000a   Code   RO         1643    .text.RadioRead     radio.o
    0x08002e90   0x08002e90   0x0000000a   Code   RO         1647    .text.RadioReadBuffer  radio.o
    0x08002e9a   0x08002e9a   0x00000008   Code   RO         1639    .text.RadioRssi     radio.o
    0x08002ea2   0x08002ea2   0x00000002   PAD
    0x08002ea4   0x08002ea4   0x00000040   Code   RO         1633    .text.RadioRx       radio.o
    0x08002ee4   0x08002ee4   0x00000044   Code   RO         1657    .text.RadioRxBoosted  radio.o
    0x08002f28   0x08002f28   0x0000004c   Code   RO         1627    .text.RadioSend     radio.o
    0x08002f74   0x08002f74   0x00000008   Code   RO         1613    .text.RadioSetChannel  radio.o
    0x08002f7c   0x08002f7c   0x00000024   Code   RO         1649    .text.RadioSetMaxPayloadLength  radio.o
    0x08002fa0   0x08002fa0   0x00000030   Code   RO         1611    .text.RadioSetModem  radio.o
    0x08002fd0   0x08002fd0   0x00000038   Code   RO         1651    .text.RadioSetPublicNetwork  radio.o
    0x08003008   0x08003008   0x000001a8   Code   RO         1619    .text.RadioSetRxConfig  radio.o
    0x080031b0   0x080031b0   0x00000008   Code   RO         1659    .text.RadioSetRxDutyCycle  radio.o
    0x080031b8   0x080031b8   0x00000194   Code   RO         1621    .text.RadioSetTxConfig  radio.o
    0x0800334c   0x0800334c   0x00000034   Code   RO         1637    .text.RadioSetTxContinuousWave  radio.o
    0x08003380   0x08003380   0x00000010   Code   RO         1629    .text.RadioSleep    radio.o
    0x08003390   0x08003390   0x0000000a   Code   RO         1631    .text.RadioStandby  radio.o
    0x0800339a   0x0800339a   0x00000016   Code   RO         1635    .text.RadioStartCad  radio.o
    0x080033b0   0x080033b0   0x0000016c   Code   RO         1625    .text.RadioTimeOnAir  radio.o
    0x0800351c   0x0800351c   0x0000000a   Code   RO         1641    .text.RadioWrite    radio.o
    0x08003526   0x08003526   0x0000000a   Code   RO         1645    .text.RadioWriteBuffer  radio.o
    0x08003530   0x08003530   0x0000003c   Code   RO         1913    .text.SEQ_BitPosition  stm32_seq.o
    0x0800356c   0x0800356c   0x00000064   Code   RO         1074    .text.SPI_EndRxTxTransaction  stm32l0xx_hal_spi.o
    0x080035d0   0x080035d0   0x000000c4   Code   RO         1080    .text.SPI_WaitFlagStateUntilTimeout  stm32l0xx_hal_spi.o
    0x08003694   0x08003694   0x00000002   Code   RO          162    .text.SVC_Handler   stm32l0xx_it.o
    0x08003696   0x08003696   0x00000004   Code   RO          393    .text.SX1262DVK1CAS_RADIO_BoardIsTcxo  sx1262dvk1cas.o
    0x0800369a   0x0800369a   0x00000002   PAD
    0x0800369c   0x0800369c   0x00000010   Code   RO          397    .text.SX1262DVK1CAS_RADIO_BoardSetLedRx  sx1262dvk1cas.o
    0x080036ac   0x080036ac   0x00000014   Code   RO          395    .text.SX1262DVK1CAS_RADIO_BoardSetLedTx  sx1262dvk1cas.o
    0x080036c0   0x080036c0   0x00000008   Code   RO          399    .text.SX1262DVK1CAS_RADIO_Bus_Init  sx1262dvk1cas.o
    0x080036c8   0x080036c8   0x00000016   Code   RO          385    .text.SX1262DVK1CAS_RADIO_ChipSelect  sx1262dvk1cas.o
    0x080036de   0x080036de   0x00000014   Code   RO          387    .text.SX1262DVK1CAS_RADIO_GetPaSelect  sx1262dvk1cas.o
    0x080036f2   0x080036f2   0x00000004   Code   RO          375    .text.SX1262DVK1CAS_RADIO_GetWakeUpTime  sx1262dvk1cas.o
    0x080036f6   0x080036f6   0x00000002   PAD
    0x080036f8   0x080036f8   0x0000005c   Code   RO          369    .text.SX1262DVK1CAS_RADIO_IoDeInit  sx1262dvk1cas.o
    0x08003754   0x08003754   0x00000148   Code   RO          367    .text.SX1262DVK1CAS_RADIO_IoInit  sx1262dvk1cas.o
    0x0800389c   0x0800389c   0x00000038   Code   RO          371    .text.SX1262DVK1CAS_RADIO_IoIrqInit  sx1262dvk1cas.o
    0x080038d4   0x080038d4   0x00000078   Code   RO          377    .text.SX1262DVK1CAS_RADIO_Reset  sx1262dvk1cas.o
    0x0800394c   0x0800394c   0x00000016   Code   RO          383    .text.SX1262DVK1CAS_RADIO_SendRecv  sx1262dvk1cas.o
    0x08003962   0x08003962   0x00000016   Code   RO          389    .text.SX1262DVK1CAS_RADIO_SetAntSw  sx1262dvk1cas.o
    0x08003978   0x08003978   0x00000018   Code   RO          379    .text.SX1262DVK1CAS_RADIO_WaitOnBusy  sx1262dvk1cas.o
    0x08003990   0x08003990   0x00000032   Code   RO          381    .text.SX1262DVK1CAS_RADIO_WakeUp  sx1262dvk1cas.o
    0x080039c2   0x080039c2   0x00000014   Code   RO         1692    .text.SX126xCalibrate  sx126x.o
    0x080039d6   0x080039d6   0x00000002   PAD
    0x080039d8   0x080039d8   0x00000074   Code   RO         1760    .text.SX126xCalibrateImage  sx126x.o
    0x08003a4c   0x08003a4c   0x00000020   Code   RO         1700    .text.SX126xCheckDeviceReady  sx126x.o
    0x08003a6c   0x08003a6c   0x00000014   Code   RO         1800    .text.SX126xClearIrqStatus  sx126x.o
    0x08003a80   0x08003a80   0x00000030   Code   RO         1774    .text.SX126xConvertFreqInHzToPllStep  sx126x.o
    0x08003ab0   0x08003ab0   0x0000001a   Code   RO         1768    .text.SX126xGetIrqStatus  sx126x.o
    0x08003aca   0x08003aca   0x00000002   PAD
    0x08003acc   0x08003acc   0x00000008   Code   RO         1698    .text.SX126xGetOperatingMode  sx126x.o
    0x08003ad4   0x08003ad4   0x00000068   Code   RO         1794    .text.SX126xGetPacketStatus  sx126x.o
    0x08003b3c   0x08003b3c   0x00000008   Code   RO         1722    .text.SX126xGetPacketType  sx126x.o
    0x08003b44   0x08003b44   0x0000002c   Code   RO         1706    .text.SX126xGetPayload  sx126x.o
    0x08003b70   0x08003b70   0x0000006c   Code   RO         1732    .text.SX126xGetRandom  sx126x.o
    0x08003bdc   0x08003bdc   0x00000016   Code   RO         1792    .text.SX126xGetRssiInst  sx126x.o
    0x08003bf2   0x08003bf2   0x00000002   PAD
    0x08003bf4   0x08003bf4   0x00000038   Code   RO         1708    .text.SX126xGetRxBufferStatus  sx126x.o
    0x08003c2c   0x08003c2c   0x00000044   Code   RO         1686    .text.SX126xInit    sx126x.o
    0x08003c70   0x08003c70   0x00000040   Code   RO         1710    .text.SX126xReadBuffer  sx126x.o
    0x08003cb0   0x08003cb0   0x00000042   Code   RO         1770    .text.SX126xReadCommand  sx126x.o
    0x08003cf2   0x08003cf2   0x00000010   Code   RO         1728    .text.SX126xReadRegister  sx126x.o
    0x08003d02   0x08003d02   0x00000002   PAD
    0x08003d04   0x08003d04   0x00000048   Code   RO         1736    .text.SX126xReadRegisters  sx126x.o
    0x08003d4c   0x08003d4c   0x00000010   Code   RO         1712    .text.SX126xSendPayload  sx126x.o
    0x08003d5c   0x08003d5c   0x00000014   Code   RO         1788    .text.SX126xSetBufferBaseAddress  sx126x.o
    0x08003d70   0x08003d70   0x00000014   Code   RO         1748    .text.SX126xSetCad  sx126x.o
    0x08003d84   0x08003d84   0x00000024   Code   RO         1724    .text.SX126xSetCrcPolynomial  sx126x.o
    0x08003da8   0x08003da8   0x00000028   Code   RO         1720    .text.SX126xSetCrcSeed  sx126x.o
    0x08003dd0   0x08003dd0   0x00000010   Code   RO         1694    .text.SX126xSetDio2AsRfSwitchCtrl  sx126x.o
    0x08003de0   0x08003de0   0x00000020   Code   RO         1690    .text.SX126xSetDio3AsTcxoCtrl  sx126x.o
    0x08003e00   0x08003e00   0x00000028   Code   RO         1766    .text.SX126xSetDioIrqParams  sx126x.o
    0x08003e28   0x08003e28   0x0000004c   Code   RO         1756    .text.SX126xSetLoRaSymbNumTimeout  sx126x.o
    0x08003e74   0x08003e74   0x00000074   Code   RO         1782    .text.SX126xSetModulationParams  sx126x.o
    0x08003ee8   0x08003ee8   0x0000000c   Code   RO         1696    .text.SX126xSetOperatingMode  sx126x.o
    0x08003ef4   0x08003ef4   0x00000018   Code   RO         1762    .text.SX126xSetPaConfig  sx126x.o
    0x08003f0c   0x08003f0c   0x000000a4   Code   RO         1784    .text.SX126xSetPacketParams  sx126x.o
    0x08003fb0   0x08003fb0   0x00000018   Code   RO         1776    .text.SX126xSetPacketType  sx126x.o
    0x08003fc8   0x08003fc8   0x0000000e   Code   RO         1702    .text.SX126xSetPayload  sx126x.o
    0x08003fd6   0x08003fd6   0x00000010   Code   RO         1758    .text.SX126xSetRegulatorMode  sx126x.o
    0x08003fe6   0x08003fe6   0x00000002   PAD
    0x08003fe8   0x08003fe8   0x0000003c   Code   RO         1772    .text.SX126xSetRfFrequency  sx126x.o
    0x08004024   0x08004024   0x0000000a   Code   RO         1778    .text.SX126xSetRfTxPower  sx126x.o
    0x0800402e   0x0800402e   0x00000002   PAD
    0x08004030   0x08004030   0x00000030   Code   RO         1734    .text.SX126xSetRx   sx126x.o
    0x08004060   0x08004060   0x0000002c   Code   RO         1744    .text.SX126xSetRxBoosted  sx126x.o
    0x0800408c   0x0800408c   0x0000002c   Code   RO         1746    .text.SX126xSetRxDutyCycle  sx126x.o
    0x080040b8   0x080040b8   0x00000034   Code   RO         1738    .text.SX126xSetSleep  sx126x.o
    0x080040ec   0x080040ec   0x00000024   Code   RO         1688    .text.SX126xSetStandby  sx126x.o
    0x08004110   0x08004110   0x00000010   Code   RO         1754    .text.SX126xSetStopRxTimerOnPreambleDetect  sx126x.o
    0x08004120   0x08004120   0x00000012   Code   RO         1716    .text.SX126xSetSyncWord  sx126x.o
    0x08004132   0x08004132   0x00000002   PAD
    0x08004134   0x08004134   0x00000028   Code   RO         1714    .text.SX126xSetTx   sx126x.o
    0x0800415c   0x0800415c   0x00000018   Code   RO         1750    .text.SX126xSetTxContinuousWave  sx126x.o
    0x08004174   0x08004174   0x00000080   Code   RO         1780    .text.SX126xSetTxParams  sx126x.o
    0x080041f4   0x080041f4   0x00000038   Code   RO         1726    .text.SX126xSetWhiteningSeed  sx126x.o
    0x0800422c   0x0800422c   0x0000003a   Code   RO         1704    .text.SX126xWriteBuffer  sx126x.o
    0x08004266   0x08004266   0x00000038   Code   RO         1740    .text.SX126xWriteCommand  sx126x.o
    0x0800429e   0x0800429e   0x00000010   Code   RO         1730    .text.SX126xWriteRegister  sx126x.o
    0x080042ae   0x080042ae   0x00000002   PAD
    0x080042b0   0x080042b0   0x00000040   Code   RO         1718    .text.SX126xWriteRegisters  sx126x.o
    0x080042f0   0x080042f0   0x000001ac   Code   RO           13    .text.SubghzApp_Init  subghz_phy_app.o
    0x0800449c   0x0800449c   0x00000008   Code   RO          168    .text.SysTick_Handler  stm32l0xx_it.o
    0x080044a4   0x080044a4   0x0000002c   Code   RO         1955    .text.SysTimeAdd    stm32_systime.o
    0x080044d0   0x080044d0   0x00000044   Code   RO         1961    .text.SysTimeGet    stm32_systime.o
    0x08004514   0x08004514   0x000000e8   Code   RO          189    .text.SystemApp_Init  sys_app.o
    0x080045fc   0x080045fc   0x00000094   Code   RO           48    .text.SystemClock_Config  main.o
    0x08004690   0x08004690   0x00000050   Code   RO          412    .text.SystemInit    system_stm32l0xx.o
    0x080046e0   0x080046e0   0x00000080   Code   RO         1825    .text.TRACE_AllocateBufer  stm32_adv_trace.o
    0x08004760   0x08004760   0x00000018   Code   RO         1823    .text.TRACE_Lock    stm32_adv_trace.o
    0x08004778   0x08004778   0x0000007c   Code   RO         1829    .text.TRACE_Send    stm32_adv_trace.o
    0x080047f4   0x080047f4   0x00000094   Code   RO         1813    .text.TRACE_TxCpltCallback  stm32_adv_trace.o
    0x08004888   0x08004888   0x0000001c   Code   RO         1827    .text.TRACE_UnLock  stm32_adv_trace.o
    0x080048a4   0x080048a4   0x00000018   Code   RO         1996    .text.TimerExists   stm32_timer.o
    0x080048bc   0x080048bc   0x00000018   Code   RO         1998    .text.TimerInsertNewHeadTimer  stm32_timer.o
    0x080048d4   0x080048d4   0x00000024   Code   RO         2000    .text.TimerInsertTimer  stm32_timer.o
    0x080048f8   0x080048f8   0x00000034   Code   RO         2006    .text.TimerSetTimeout  stm32_timer.o
    0x0800492c   0x0800492c   0x00000026   Code   RO          191    .text.TimestampNow  sys_app.o
    0x08004952   0x08004952   0x000000b8   Code   RO         1446    .text.UART_AdvFeatureConfig  stm32l0xx_hal_uart.o
    0x08004a0a   0x08004a0a   0x00000002   PAD
    0x08004a0c   0x08004a0c   0x00000068   Code   RO         1448    .text.UART_CheckIdleState  stm32l0xx_hal_uart.o
    0x08004a74   0x08004a74   0x00000016   Code   RO         1524    .text.UART_DMAAbortOnError  stm32l0xx_hal_uart.o
    0x08004a8a   0x08004a8a   0x00000054   Code   RO         1482    .text.UART_DMAError  stm32l0xx_hal_uart.o
    0x08004ade   0x08004ade   0x0000002e   Code   RO         1478    .text.UART_DMATransmitCplt  stm32l0xx_hal_uart.o
    0x08004b0c   0x08004b0c   0x0000000a   Code   RO         1480    .text.UART_DMATxHalfCplt  stm32l0xx_hal_uart.o
    0x08004b16   0x08004b16   0x0000002e   Code   RO         1494    .text.UART_EndRxTransfer  stm32l0xx_hal_uart.o
    0x08004b44   0x08004b44   0x00000074   Code   RO         1560    .text.UART_RxISR_16BIT  stm32l0xx_hal_uart.o
    0x08004bb8   0x08004bb8   0x00000078   Code   RO         1562    .text.UART_RxISR_8BIT  stm32l0xx_hal_uart.o
    0x08004c30   0x08004c30   0x000001f8   Code   RO         1444    .text.UART_SetConfig  stm32l0xx_hal_uart.o
    0x08004e28   0x08004e28   0x0000008c   Code   RO         1474    .text.UART_Start_Receive_IT  stm32l0xx_hal_uart.o
    0x08004eb4   0x08004eb4   0x00000094   Code   RO         1462    .text.UART_WaitOnFlagUntilTimeout  stm32l0xx_hal_uart.o
    0x08004f48   0x08004f48   0x00000010   Code   RO          178    .text.USART2_IRQHandler  stm32l0xx_it.o
    0x08004f58   0x08004f58   0x000000a4   Code   RO         1821    .text.UTIL_ADV_TRACE_COND_FSend  stm32_adv_trace.o
    0x08004ffc   0x08004ffc   0x00000030   Code   RO         1811    .text.UTIL_ADV_TRACE_Init  stm32_adv_trace.o
    0x0800502c   0x0800502c   0x0000000c   Code   RO          197    .text.UTIL_ADV_TRACE_PostSendHook  sys_app.o
    0x08005038   0x08005038   0x0000000c   Code   RO          195    .text.UTIL_ADV_TRACE_PreSendHook  sys_app.o
    0x08005044   0x08005044   0x00000008   Code   RO         1845    .text.UTIL_ADV_TRACE_RegisterTimeStampFunction  stm32_adv_trace.o
    0x0800504c   0x0800504c   0x0000000c   Code   RO         1847    .text.UTIL_ADV_TRACE_SetVerboseLevel  stm32_adv_trace.o
    0x08005058   0x08005058   0x00000040   Code   RO         1882    .text.UTIL_LPM_EnterLowPower  stm32_lpm.o
    0x08005098   0x08005098   0x00000024   Code   RO         1880    .text.UTIL_LPM_GetMode  stm32_lpm.o
    0x080050bc   0x080050bc   0x0000000c   Code   RO         1872    .text.UTIL_LPM_Init  stm32_lpm.o
    0x080050c8   0x080050c8   0x0000002c   Code   RO         1878    .text.UTIL_LPM_SetOffMode  stm32_lpm.o
    0x080050f4   0x080050f4   0x00000030   Code   RO         1876    .text.UTIL_LPM_SetStopMode  stm32_lpm.o
    0x08005124   0x08005124   0x0000000e   Code   RO         1897    .text.UTIL_MEM_set_8  stm32_mem.o
    0x08005132   0x08005132   0x00000008   Code   RO          193    .text.UTIL_SEQ_Idle  sys_app.o
    0x0800513a   0x0800513a   0x00000002   Code   RO         1919    .text.UTIL_SEQ_PostIdle  stm32_seq.o
    0x0800513c   0x0800513c   0x00000002   Code   RO         1915    .text.UTIL_SEQ_PreIdle  stm32_seq.o
    0x0800513e   0x0800513e   0x00000002   PAD
    0x08005140   0x08005140   0x00000020   Code   RO         1921    .text.UTIL_SEQ_RegTask  stm32_seq.o
    0x08005160   0x08005160   0x000000d4   Code   RO         1911    .text.UTIL_SEQ_Run  stm32_seq.o
    0x08005234   0x08005234   0x00000028   Code   RO         1923    .text.UTIL_SEQ_SetTask  stm32_seq.o
    0x0800525c   0x0800525c   0x00000038   Code   RO         1992    .text.UTIL_TIMER_Create  stm32_timer.o
    0x08005294   0x08005294   0x00000010   Code   RO         2020    .text.UTIL_TIMER_GetCurrentTime  stm32_timer.o
    0x080052a4   0x080052a4   0x0000001c   Code   RO         2022    .text.UTIL_TIMER_GetElapsedTime  stm32_timer.o
    0x080052c0   0x080052c0   0x00000088   Code   RO         2018    .text.UTIL_TIMER_IRQ_Handler  stm32_timer.o
    0x08005348   0x08005348   0x00000010   Code   RO         1988    .text.UTIL_TIMER_Init  stm32_timer.o
    0x08005358   0x08005358   0x00000034   Code   RO         2008    .text.UTIL_TIMER_SetPeriod  stm32_timer.o
    0x0800538c   0x0800538c   0x00000074   Code   RO         1994    .text.UTIL_TIMER_Start  stm32_timer.o
    0x08005400   0x08005400   0x00000070   Code   RO         2004    .text.UTIL_TIMER_Stop  stm32_timer.o
    0x08005470   0x08005470   0x00000040   Code   RO          504    .text.__NVIC_SetPriority  stm32l0xx_hal_cortex.o
    0x080054b0   0x080054b0   0x00000012   Code   RO           46    .text.main          main.o
    0x080054c2   0x080054c2   0x00000002   PAD
    0x080054c4   0x080054c4   0x00000028   Code   RO          205    .text.tiny_snprintf_like  sys_app.o
    0x080054ec   0x080054ec   0x000002a0   Code   RO         2033    .text.tiny_vsnprintf_like  stm32_tiny_vsnprintf.o
    0x0800578c   0x0800578c   0x00000028   Code   RO          246    .text.vcom_DeInit   usart_if.o
    0x080057b4   0x080057b4   0x00000018   Code   RO          244    .text.vcom_Init     usart_if.o
    0x080057cc   0x080057cc   0x00000044   Code   RO          248    .text.vcom_ReceiveInit  usart_if.o
    0x08005810   0x08005810   0x00000014   Code   RO          250    .text.vcom_Trace_DMA  usart_if.o
    0x08005824   0x08005824   0x0000000e   Code   RO         2090    i.__scatterload_copy  mc_p.l(handlers.o)
    0x08005832   0x08005832   0x00000002   Code   RO         2091    i.__scatterload_null  mc_p.l(handlers.o)
    0x08005834   0x08005834   0x0000000e   Code   RO         2092    i.__scatterload_zeroinit  mc_p.l(handlers.o)
    0x08005842   0x08005842   0x00000010   Data   RO          417    .rodata.AHBPrescTable  system_stm32l0xx.o
    0x08005852   0x08005852   0x00000008   Data   RO          418    .rodata.APBPrescTable  system_stm32l0xx.o
    0x0800585a   0x0800585a   0x00000003   Data   RO         1673    .rodata.Bandwidths  radio.o
    0x0800585d   0x0800585d   0x00000003   PAD
    0x08005860   0x08005860   0x000000b0   Data   RO         1672    .rodata.FskBandwidths  radio.o
    0x08005910   0x08005910   0x00000009   Data   RO          419    .rodata.PLLMulTable  system_stm32l0xx.o
    0x08005919   0x08005919   0x00000003   PAD
    0x0800591c   0x0800591c   0x0000006c   Data   RO         1671    .rodata.Radio       radio.o
    0x08005988   0x08005988   0x00000018   Data   RO          135    .rodata.UTIL_PowerDriver  stm32_lpm_if.o
    0x080059a0   0x080059a0   0x00000014   Data   RO          112    .rodata.UTIL_SYSTIMDriver  rtc_if.o
    0x080059b4   0x080059b4   0x0000002c   Data   RO          111    .rodata.UTIL_TimerDriver  rtc_if.o
    0x080059e0   0x080059e0   0x00000010   Data   RO          260    .rodata.UTIL_TraceDriver  usart_if.o
    0x080059f0   0x080059f0   0x00000010   Data   RO         1568    .rodata.cst16       stm32l0xx_hal_uart.o
    0x08005a00   0x08005a00   0x00000010   Data   RO         1944    .rodata.cst16       stm32_seq.o
    0x08005a10   0x08005a10   0x00000020   Data   RO          295    .rodata.cst32       nucleo_l073rz_bus.o
    0x08005a30   0x08005a30   0x00000011   Data   RO           28    .rodata.str1.1      subghz_phy_app.o
    0x08005a41   0x08005a41   0x00000007   Data   RO         2035    .rodata.str1.1      stm32_tiny_vsnprintf.o
    0x08005a48   0x08005a48   0x00000020   Data   RO         2089    Region$$Table       anon$$obj.o


    Execution Region RW_IRAM1 (Exec base: 0x20000000, Load base: 0x08005a68, Size: 0x00000c60, Max: 0x00005000, ABSOLUTE)

    Exec Addr    Load Addr    Size         Type   Attr      Idx    E Section Name        Object

    0x20000000   0x08005a68   0x00000008   Data   RW          491    .data..L_MergedGlobals  stm32l0xx_hal.o
    0x20000008   0x08005a70   0x00000008   Data   RW         1945    .data..L_MergedGlobals  stm32_seq.o
    0x20000010   0x08005a78   0x00000001   Data   RW         1674    .data.MaxPayloadLength  radio.o
    0x20000011   0x08005a79   0x00000003   PAD
    0x20000014   0x08005a7c   0x00000004   Data   RW          416    .data.SystemCoreClock  system_stm32l0xx.o
    0x20000018   0x08005a80   0x00000001   Data   RW           26    .data.isMaster      subghz_phy_app.o
    0x20000019   0x08005a81   0x00000007   PAD
    0x20000020        -       0x0000003c   Zero   RW           29    .bss..L_MergedGlobals  subghz_phy_app.o
    0x2000005c        -       0x00000044   Zero   RW          114    .bss..L_MergedGlobals  rtc_if.o
    0x200000a0        -       0x00000008   Zero   RW          262    .bss..L_MergedGlobals  usart_if.o
    0x200000a8        -       0x00000054   Zero   RW         1677    .bss..L_MergedGlobals  radio.o
    0x200000fc        -       0x00000008   Zero   RW         1802    .bss..L_MergedGlobals  sx126x.o
    0x20000104        -       0x00000008   Zero   RW         1884    .bss..L_MergedGlobals  stm32_lpm.o
    0x2000010c        -       0x00000020   Zero   RW         1946    .bss..L_MergedGlobals.2  stm32_seq.o
    0x2000012c        -       0x00000200   Zero   RW         1862    .bss.ADV_TRACE_Buffer  stm32_adv_trace.o
    0x2000032c        -       0x00000018   Zero   RW         1861    .bss.ADV_TRACE_Ctx  stm32_adv_trace.o
    0x20000344        -       0x000000ff   Zero   RW           27    .bss.BufferTx       subghz_phy_app.o
    0x20000443        -       0x00000001   Zero   RW          113    .bss.RTC_Initalized  rtc_if.o
    0x20000444        -       0x000000ff   Zero   RW         1676    .bss.RadioRxPayload  radio.o
    0x20000543   0x08005a81   0x00000001   PAD
    0x20000544        -       0x0000003c   Zero   RW         1675    .bss.SX126x         radio.o
    0x20000580        -       0x00000080   Zero   RW         1943    .bss.TaskCb         stm32_seq.o
    0x20000600        -       0x00000004   Zero   RW         2024    .bss.TimerListHead  stm32_timer.o
    0x20000604        -       0x00000004   Zero   RW          261    .bss.TxCpltCallback  usart_if.o
    0x20000608        -       0x00000008   Zero   RW          403    .bss.hRADIO_DIO_exti  sx1262dvk1cas.o
    0x20000610        -       0x00000048   Zero   RW          235    .bss.hdma_usart2_tx  usart.o
    0x20000658        -       0x00000024   Zero   RW           66    .bss.hrtc           rtc.o
    0x2000067c        -       0x00000058   Zero   RW          294    .bss.hspi1          nucleo_l073rz_bus.o
    0x200006d4        -       0x00000084   Zero   RW          234    .bss.huart2         usart.o
    0x20000758        -       0x00000100   Zero   RW         1863    .bss.sztmp          stm32_adv_trace.o
    0x20000858        -       0x00000004   Zero   RW          490    .bss.uwTick         stm32l0xx_hal.o
    0x2000085c   0x08005a81   0x00000004   PAD
    0x20000860        -       0x00000400   Zero   RW          270    STACK               startup_stm32l073xx.o


==============================================================================

Image component sizes


      Code (inc. data)   RO Data    RW Data    ZI Data      Debug   Object Name

        24          0          0          0          0        636   app_subghz_phy.o
        44          4          0          0          0       1978   dma.o
       174          8          0          0          0       2620   main.o
       252         28         32          0         88       6571   nucleo_l073rz_bus.o
      2762        256        287          1        399      20471   radio.o
       272         20          0          0         36       4894   rtc.o
       966        100         64          0         69       9732   rtc_if.o
        28          8        192          0       1024        736   startup_stm32l073xx.o
       684         40          0          0        792      10467   stm32_adv_trace.o
       204          8          0          0          8       2750   stm32_lpm.o
       138          8         24          0          0       2742   stm32_lpm_if.o
        14          0          0          0          0       1651   stm32_mem.o
       348         16         16          8        160       6183   stm32_seq.o
       112         12          0          0          0       6342   stm32_systime.o
       668         16          0          0          4       7859   stm32_timer.o
       672         84          7          0          0       3983   stm32_tiny_vsnprintf.o
        60          8          0          8          4       7088   stm32l0xx_hal.o
       128         16          0          0          0       6990   stm32l0xx_hal_cortex.o
       664         16          0          0          0       7419   stm32l0xx_hal_dma.o
        64          4          0          0          0       5141   stm32l0xx_hal_exti.o
       616         20          0          0          0       5241   stm32l0xx_hal_gpio.o
        48          8          0          0          0       1561   stm32l0xx_hal_msp.o
       176          8          0          0          0       4697   stm32l0xx_hal_pwr.o
        32          0          0          0          0       1972   stm32l0xx_hal_pwr_ex.o
      1864         84          0          0          0       8876   stm32l0xx_hal_rcc.o
       428          4          0          0          0       8039   stm32l0xx_hal_rcc_ex.o
      1574         48          0          0          0      11735   stm32l0xx_hal_rtc.o
        72          0          0          0          0      14000   stm32l0xx_hal_rtc_ex.o
      1166         12          0          0          0      23956   stm32l0xx_hal_spi.o
      2460        142         16          0          0      24032   stm32l0xx_hal_uart.o
       168          4          0          0          0       8412   stm32l0xx_hal_uart_ex.o
        84         16          0          0          0       2228   stm32l0xx_it.o
       704        260         17          1        315       3475   subghz_phy_app.o
       808         36          0          0          8       9225   sx1262dvk1cas.o
      2334        128          0          0          8      22984   sx126x.o
       366         40          0          0          0       4819   sys_app.o
         2          0          0          0          0       2165   sys_debug.o
        80         16         33          4          0       2516   system_stm32l0xx.o
       388         28          0          0        204       6168   usart.o
       212         24         16          0         12       6888   usart_if.o

    ----------------------------------------------------------------------
     21912       1530        742         28       3140     289242   Object Totals
         0          0         32          0          0          0   (incl. Generated)
        52          0          6          6          9          0   (incl. Padding)

    ----------------------------------------------------------------------

      Code (inc. data)   RO Data    RW Data    ZI Data      Debug   Library Member Name

         0          0          0          0          0          0   entry.o
         0          0          0          0          0          0   entry10a.o
         0          0          0          0          0          0   entry11a.o
         8          4          0          0          0          0   entry2.o
         4          0          0          0          0          0   entry5.o
         0          0          0          0          0          0   entry7b.o
         0          0          0          0          0          0   entry8b.o
         8          4          0          0          0          0   entry9a.o
        30          0          0          0          0          0   handlers.o
        80          6          0          0          0         72   idiv_div0.o
        36          8          0          0          0         68   init.o
        48          0          0          0          0         72   llmul.o
        32          0          0          0          0         68   llshl.o
        34          0          0          0          0         68   llushr.o
        36          0          0          0          0        100   memseta.o
        14          0          0          0          0         60   strlen.o
        62          0          0          0          0         72   uidiv_div0.o
        96          0          0          0          0         84   uldiv.o

    ----------------------------------------------------------------------
       490         22          0          0          0        664   Library Totals
         2          0          0          0          0          0   (incl. Padding)

    ----------------------------------------------------------------------

      Code (inc. data)   RO Data    RW Data    ZI Data      Debug   Library Name

       488         22          0          0          0        664   mc_p.l

    ----------------------------------------------------------------------
       490         22          0          0          0        664   Library Totals

    ----------------------------------------------------------------------

==============================================================================


      Code (inc. data)   RO Data    RW Data    ZI Data      Debug   

     22402       1552        742         28       3140     289078   Grand Totals
     22402       1552        742         28       3140     289078   ELF Image Totals
     22402       1552        742         28          0          0   ROM Totals

==============================================================================

    Total RO  Size (Code + RO Data)                23144 (  22.60kB)
    Total RW  Size (RW Data + ZI Data)              3168 (   3.09kB)
    Total ROM Size (Code + RO Data + RW Data)      23172 (  22.63kB)

==============================================================================

